Archive member included to satisfy reference by file (symbol)

../Middlewares/ST/ARM/DSP/Lib\libarm_cortexM4lf_math.a(arm_rfft_fast_init_f32.o)
                              ./Driver/fft_handle.o (arm_rfft_fast_init_f32)
../Middlewares/ST/ARM/DSP/Lib\libarm_cortexM4lf_math.a(arm_rfft_fast_f32.o)
                              ./Driver/fft_handle.o (arm_rfft_fast_f32)
../Middlewares/ST/ARM/DSP/Lib\libarm_cortexM4lf_math.a(arm_cfft_f32.o)
                              ../Middlewares/ST/ARM/DSP/Lib\libarm_cortexM4lf_math.a(arm_rfft_fast_f32.o) (arm_cfft_f32)
../Middlewares/ST/ARM/DSP/Lib\libarm_cortexM4lf_math.a(arm_bitreversal2.o)
                              ../Middlewares/ST/ARM/DSP/Lib\libarm_cortexM4lf_math.a(arm_cfft_f32.o) (arm_bitreversal_32)
../Middlewares/ST/ARM/DSP/Lib\libarm_cortexM4lf_math.a(arm_cmplx_mag_f32.o)
                              ./Driver/fft_handle.o (arm_cmplx_mag_f32)
../Middlewares/ST/ARM/DSP/Lib\libarm_cortexM4lf_math.a(arm_common_tables.o)
                              ../Middlewares/ST/ARM/DSP/Lib\libarm_cortexM4lf_math.a(arm_rfft_fast_init_f32.o) (twiddleCoef_rfft_4096)
../Middlewares/ST/ARM/DSP/Lib\libarm_cortexM4lf_math.a(arm_cfft_init_f32.o)
                              ../Middlewares/ST/ARM/DSP/Lib\libarm_cortexM4lf_math.a(arm_rfft_fast_init_f32.o) (arm_cfft_init_f32)
../Middlewares/ST/ARM/DSP/Lib\libarm_cortexM4lf_math.a(arm_cfft_radix8_f32.o)
                              ../Middlewares/ST/ARM/DSP/Lib\libarm_cortexM4lf_math.a(arm_cfft_f32.o) (arm_radix8_butterfly_f32)
../Middlewares/ST/ARM/DSP/Lib\libarm_cortexM4lf_math.a(arm_const_structs.o)
                              ../Middlewares/ST/ARM/DSP/Lib\libarm_cortexM4lf_math.a(arm_cfft_init_f32.o) (arm_cfft_sR_f32_len4096)
C:/ST/STM32CubeIDE_1.13.1/STM32CubeIDE/plugins/com.st.stm32cube.ide.mcu.externaltools.gnu-tools-for-stm32.11.3.rel1.win32_1.1.0.202305231506/tools/bin/../lib/gcc/arm-none-eabi/11.3.1/../../../../arm-none-eabi/lib/thumb/v7e-m+fp/hard\libc_nano.a(libc_a-exit.o)
                              C:/ST/STM32CubeIDE_1.13.1/STM32CubeIDE/plugins/com.st.stm32cube.ide.mcu.externaltools.gnu-tools-for-stm32.11.3.rel1.win32_1.1.0.202305231506/tools/bin/../lib/gcc/arm-none-eabi/11.3.1/../../../../arm-none-eabi/lib/thumb/v7e-m+fp/hard/crt0.o (exit)
C:/ST/STM32CubeIDE_1.13.1/STM32CubeIDE/plugins/com.st.stm32cube.ide.mcu.externaltools.gnu-tools-for-stm32.11.3.rel1.win32_1.1.0.202305231506/tools/bin/../lib/gcc/arm-none-eabi/11.3.1/../../../../arm-none-eabi/lib/thumb/v7e-m+fp/hard\libc_nano.a(libc_a-findfp.o)
                              C:/ST/STM32CubeIDE_1.13.1/STM32CubeIDE/plugins/com.st.stm32cube.ide.mcu.externaltools.gnu-tools-for-stm32.11.3.rel1.win32_1.1.0.202305231506/tools/bin/../lib/gcc/arm-none-eabi/11.3.1/../../../../arm-none-eabi/lib/thumb/v7e-m+fp/hard\libc_nano.a(libc_a-exit.o) (__stdio_exit_handler)
C:/ST/STM32CubeIDE_1.13.1/STM32CubeIDE/plugins/com.st.stm32cube.ide.mcu.externaltools.gnu-tools-for-stm32.11.3.rel1.win32_1.1.0.202305231506/tools/bin/../lib/gcc/arm-none-eabi/11.3.1/../../../../arm-none-eabi/lib/thumb/v7e-m+fp/hard\libc_nano.a(libc_a-fwalk.o)
                              C:/ST/STM32CubeIDE_1.13.1/STM32CubeIDE/plugins/com.st.stm32cube.ide.mcu.externaltools.gnu-tools-for-stm32.11.3.rel1.win32_1.1.0.202305231506/tools/bin/../lib/gcc/arm-none-eabi/11.3.1/../../../../arm-none-eabi/lib/thumb/v7e-m+fp/hard\libc_nano.a(libc_a-findfp.o) (_fwalk_sglue)
C:/ST/STM32CubeIDE_1.13.1/STM32CubeIDE/plugins/com.st.stm32cube.ide.mcu.externaltools.gnu-tools-for-stm32.11.3.rel1.win32_1.1.0.202305231506/tools/bin/../lib/gcc/arm-none-eabi/11.3.1/../../../../arm-none-eabi/lib/thumb/v7e-m+fp/hard\libc_nano.a(libc_a-snprintf.o)
                              ./Driver/drv_uart_mn_rec_data.o (snprintf)
C:/ST/STM32CubeIDE_1.13.1/STM32CubeIDE/plugins/com.st.stm32cube.ide.mcu.externaltools.gnu-tools-for-stm32.11.3.rel1.win32_1.1.0.202305231506/tools/bin/../lib/gcc/arm-none-eabi/11.3.1/../../../../arm-none-eabi/lib/thumb/v7e-m+fp/hard\libc_nano.a(libc_a-sprintf.o)
                              ./Driver/drv_uart_mn_rec_data.o (sprintf)
C:/ST/STM32CubeIDE_1.13.1/STM32CubeIDE/plugins/com.st.stm32cube.ide.mcu.externaltools.gnu-tools-for-stm32.11.3.rel1.win32_1.1.0.202305231506/tools/bin/../lib/gcc/arm-none-eabi/11.3.1/../../../../arm-none-eabi/lib/thumb/v7e-m+fp/hard\libc_nano.a(libc_a-stdio.o)
                              C:/ST/STM32CubeIDE_1.13.1/STM32CubeIDE/plugins/com.st.stm32cube.ide.mcu.externaltools.gnu-tools-for-stm32.11.3.rel1.win32_1.1.0.202305231506/tools/bin/../lib/gcc/arm-none-eabi/11.3.1/../../../../arm-none-eabi/lib/thumb/v7e-m+fp/hard\libc_nano.a(libc_a-findfp.o) (__sread)
C:/ST/STM32CubeIDE_1.13.1/STM32CubeIDE/plugins/com.st.stm32cube.ide.mcu.externaltools.gnu-tools-for-stm32.11.3.rel1.win32_1.1.0.202305231506/tools/bin/../lib/gcc/arm-none-eabi/11.3.1/../../../../arm-none-eabi/lib/thumb/v7e-m+fp/hard\libc_nano.a(libc_a-memset.o)
[...]
Memory Configuration

Name             Origin             Length             Attributes
RAM              0x0000000020000000 0x0000000000020000 xrw
FLASH            0x0000000008000000 0x0000000000080000 xr
*default*        0x0000000000000000 0xffffffffffffffff

Linker script and memory map

LOAD C:/ST/STM32CubeIDE_1.13.1/STM32CubeIDE/plugins/com.st.stm32cube.ide.mcu.externaltools.gnu-tools-for-stm32.11.3.rel1.win32_1.1.0.202305231506/tools/bin/../lib/gcc/arm-none-eabi/11.3.1/thumb/v7e-m+fp/hard/crti.o
LOAD C:/ST/STM32CubeIDE_1.13.1/STM32CubeIDE/plugins/com.st.stm32cube.ide.mcu.externaltools.gnu-tools-for-stm32.11.3.rel1.win32_1.1.0.202305231506/tools/bin/../lib/gcc/arm-none-eabi/11.3.1/thumb/v7e-m+fp/hard/crtbegin.o
LOAD C:/ST/STM32CubeIDE_1.13.1/STM32CubeIDE/plugins/com.st.stm32cube.ide.mcu.externaltools.gnu-tools-for-stm32.11.3.rel1.win32_1.1.0.202305231506/tools/bin/../lib/gcc/arm-none-eabi/11.3.1/../../../../arm-none-eabi/lib/thumb/v7e-m+fp/hard/crt0.o
LOAD ./BSP/bsp_adc.o
LOAD ./BSP/bsp_btn.o
LOAD ./BSP/bsp_i2c.o
LOAD ./BSP/bsp_uart.o
LOAD ./Core/Src/main.o
LOAD ./Core/Src/stm32f4xx_hal_msp.o
LOAD ./Core/Src/stm32f4xx_it.o
LOAD ./Core/Src/syscalls.o
LOAD ./Core/Src/sysmem.o
LOAD ./Core/Src/system_stm32f4xx.o
LOAD ./Core/Startup/startup_stm32f411vetx.o
LOAD ./Driver/drv_btn.o
LOAD ./Driver/drv_dfplayer.o
LOAD ./Driver/drv_matrix_led.o
LOAD ./Driver/drv_rtc.o
LOAD ./Driver/drv_uart_mn_rec_data.o
LOAD ./Driver/fft_handle.o
LOAD ./Driver/uart_respond_fsm.o
LOAD ./Drivers/STM32F4xx_HAL_Driver/Src/stm32f4xx_hal.o
LOAD ./Drivers/STM32F4xx_HAL_Driver/Src/stm32f4xx_hal_adc.o
LOAD ./Drivers/STM32F4xx_HAL_Driver/Src/stm32f4xx_hal_adc_ex.o
LOAD ./Drivers/STM32F4xx_HAL_Driver/Src/stm32f4xx_hal_cortex.o
LOAD ./Drivers/STM32F4xx_HAL_Driver/Src/stm32f4xx_hal_dma.o
LOAD ./Drivers/STM32F4xx_HAL_Driver/Src/stm32f4xx_hal_dma_ex.o
LOAD ./Drivers/STM32F4xx_HAL_Driver/Src/stm32f4xx_hal_exti.o
LOAD ./Drivers/STM32F4xx_HAL_Driver/Src/stm32f4xx_hal_flash.o
LOAD ./Drivers/STM32F4xx_HAL_Driver/Src/stm32f4xx_hal_flash_ex.o
LOAD ./Drivers/STM32F4xx_HAL_Driver/Src/stm32f4xx_hal_flash_ramfunc.o
LOAD ./Drivers/STM32F4xx_HAL_Driver/Src/stm32f4xx_hal_gpio.o
LOAD ./Drivers/STM32F4xx_HAL_Driver/Src/stm32f4xx_hal_i2c.o
LOAD ./Drivers/STM32F4xx_HAL_Driver/Src/stm32f4xx_hal_i2c_ex.o
LOAD ./Drivers/STM32F4xx_HAL_Driver/Src/stm32f4xx_hal_pwr.o
LOAD ./Drivers/STM32F4xx_HAL_Driver/Src/stm32f4xx_hal_pwr_ex.o
LOAD ./Drivers/STM32F4xx_HAL_Driver/Src/stm32f4xx_hal_rcc.o
LOAD ./Drivers/STM32F4xx_HAL_Driver/Src/stm32f4xx_hal_rcc_ex.o
LOAD ./Drivers/STM32F4xx_HAL_Driver/Src/stm32f4xx_hal_tim.o
LOAD ./Drivers/STM32F4xx_HAL_Driver/Src/stm32f4xx_hal_tim_ex.o
LOAD ./Drivers/STM32F4xx_HAL_Driver/Src/stm32f4xx_hal_uart.o
LOAD ./Drivers/STM32F4xx_HAL_Driver/Src/stm32f4xx_ll_adc.o
LOAD ./Middleware/cbuffer.o
LOAD ./Middleware/frame.o
LOAD ./System/sys_btn.o
LOAD ./System/sys_manager.o
LOAD ./System/sys_pc_control.o
LOAD ./System/sys_sound.o
LOAD ./System/system_digital_clock.o
LOAD ./System/system_display.o
LOAD ./System/system_set_alarm.o
LOAD ./System/system_set_time.o
LOAD ../Middlewares/ST/ARM/DSP/Lib\libarm_cortexM4lf_math.a
START GROUP
LOAD C:/ST/STM32CubeIDE_1.13.1/STM32CubeIDE/plugins/com.st.stm32cube.ide.mcu.externaltools.gnu-tools-for-stm32.11.3.rel1.win32_1.1.0.202305231506/tools/bin/../lib/gcc/arm-none-eabi/11.3.1/../../../../arm-none-eabi/lib/thumb/v7e-m+fp/hard\libc_nano.a
LOAD C:/ST/STM32CubeIDE_1.13.1/STM32CubeIDE/plugins/com.st.stm32cube.ide.mcu.externaltools.gnu-tools-for-stm32.11.3.rel1.win32_1.1.0.202305231506/tools/bin/../lib/gcc/arm-none-eabi/11.3.1/../../../../arm-none-eabi/lib/thumb/v7e-m+fp/hard\libm.a
END GROUP
START GROUP
LOAD C:/ST/STM32CubeIDE_1.13.1/STM32CubeIDE/plugins/com.st.stm32cube.ide.mcu.externaltools.gnu-tools-for-stm32.11.3.rel1.win32_1.1.0.202305231506/tools/bin/../lib/gcc/arm-none-eabi/11.3.1/thumb/v7e-m+fp/hard\libgcc.a
LOAD C:/ST/STM32CubeIDE_1.13.1/STM32CubeIDE/plugins/com.st.stm32cube.ide.mcu.externaltools.gnu-tools-for-stm32.11.3.rel1.win32_1.1.0.202305231506/tools/bin/../lib/gcc/arm-none-eabi/11.3.1/../../../../arm-none-eabi/lib/thumb/v7e-m+fp/hard\libc_nano.a
END GROUP
START GROUP
LOAD C:/ST/STM32CubeIDE_1.13.1/STM32CubeIDE/plugins/com.st.stm32cube.ide.mcu.externaltools.gnu-tools-for-stm32.11.3.rel1.win32_1.1.0.202305231506/tools/bin/../lib/gcc/arm-none-eabi/11.3.1/thumb/v7e-m+fp/hard\libgcc.a
LOAD C:/ST/STM32CubeIDE_1.13.1/STM32CubeIDE/plugins/com.st.stm32cube.ide.mcu.externaltools.gnu-tools-for-stm32.11.3.rel1.win32_1.1.0.202305231506/tools/bin/../lib/gcc/arm-none-eabi/11.3.1/../../../../arm-none-eabi/lib/thumb/v7e-m+fp/hard\libc_nano.a
LOAD C:/ST/STM32CubeIDE_1.13.1/STM32CubeIDE/plugins/com.st.stm32cube.ide.mcu.externaltools.gnu-tools-for-stm32.11.3.rel1.win32_1.1.0.202305231506/tools/bin/../lib/gcc/arm-none-eabi/11.3.1/../../../../arm-none-eabi/lib/thumb/v7e-m+fp/hard\libnosys.a
END GROUP
START GROUP
LOAD C:/ST/STM32CubeIDE_1.13.1/STM32CubeIDE/plugins/com.st.stm32cube.ide.mcu.externaltools.gnu-tools-for-stm32.11.3.rel1.win32_1.1.0.202305231506/tools/bin/../lib/gcc/arm-none-eabi/11.3.1/thumb/v7e-m+fp/hard\libgcc.a
LOAD C:/ST/STM32CubeIDE_1.13.1/STM32CubeIDE/plugins/com.st.stm32cube.ide.mcu.externaltools.gnu-tools-for-stm32.11.3.rel1.win32_1.1.0.202305231506/tools/bin/../lib/gcc/arm-none-eabi/11.3.1/../../../../arm-none-eabi/lib/thumb/v7e-m+fp/hard\libc_nano.a
LOAD C:/ST/STM32CubeIDE_1.13.1/STM32CubeIDE/plugins/com.st.stm32cube.ide.mcu.externaltools.gnu-tools-for-stm32.11.3.rel1.win32_1.1.0.202305231506/tools/bin/../lib/gcc/arm-none-eabi/11.3.1/../../../../arm-none-eabi/lib/thumb/v7e-m+fp/hard\libnosys.a
END GROUP
LOAD C:/ST/STM32CubeIDE_1.13.1/STM32CubeIDE/plugins/com.st.stm32cube.ide.mcu.externaltools.gnu-tools-for-stm32.11.3.rel1.win32_1.1.0.202305231506/tools/bin/../lib/gcc/arm-none-eabi/11.3.1/thumb/v7e-m+fp/hard/crtend.o
LOAD C:/ST/STM32CubeIDE_1.13.1/STM32CubeIDE/plugins/com.st.stm32cube.ide.mcu.externaltools.gnu-tools-for-stm32.11.3.rel1.win32_1.1.0.202305231506/tools/bin/../lib/gcc/arm-none-eabi/11.3.1/thumb/v7e-m+fp/hard/crtn.o
                0x0000000020020000                _estack = (ORIGIN (RAM) + LENGTH (RAM))
                0x0000000000000200                _Min_Heap_Size = 0x200
                0x0000000000000400                _Min_Stack_Size = 0x400

.isr_vector     0x0000000008000000      0x198
                0x0000000008000000                . = ALIGN (0x4)
 *(.isr_vector)
 .isr_vector    0x0000000008000000      0x198 ./Core/Startup/startup_stm32f411vetx.o
                0x0000000008000000                g_pfnVectors
                0x0000000008000198                . = ALIGN (0x4)

.text           0x00000000080001a0     0xda18
                0x00000000080001a0                . = ALIGN (0x4)
 *(.text)
 .text          0x00000000080001a0       0x40 C:/ST/STM32CubeIDE_1.13.1/STM32CubeIDE/plugins/com.st.stm32cube.ide.mcu.externaltools.gnu-tools-for-stm32.11.3.rel1.win32_1.1.0.202305231506/tools/bin/../lib/gcc/arm-none-eabi/11.3.1/thumb/v7e-m+fp/hard/crtbegin.o
 .text          0x00000000080001e0       0x10 C:/ST/STM32CubeIDE_1.13.1/STM32CubeIDE/plugins/com.st.stm32cube.ide.mcu.externaltools.gnu-tools-for-stm32.11.3.rel1.win32_1.1.0.202305231506/tools/bin/../lib/gcc/arm-none-eabi/11.3.1/../../../../arm-none-eabi/lib/thumb/v7e-m+fp/hard\libc_nano.a(libc_a-strlen.o)
                0x00000000080001e0                strlen
 .text          0x00000000080001f0       0xa0 C:/ST/STM32CubeIDE_1.13.1/STM32CubeIDE/plugins/com.st.stm32cube.ide.mcu.externaltools.gnu-tools-for-stm32.11.3.rel1.win32_1.1.0.202305231506/tools/bin/../lib/gcc/arm-none-eabi/11.3.1/../../../../arm-none-eabi/lib/thumb/v7e-m+fp/hard\libc_nano.a(libc_a-memchr.o)
                0x00000000080001f0                memchr
 .text          0x0000000008000290       0x30 C:/ST/STM32CubeIDE_1.13.1/STM32CubeIDE/plugins/com.st.stm32cube.ide.mcu.externaltools.gnu-tools-for-stm32.11.3.rel1.win32_1.1.0.202305231506/tools/bin/../lib/gcc/arm-none-eabi/11.3.1/thumb/v7e-m+fp/hard\libgcc.a(_aeabi_uldivmod.o)
                0x0000000008000290                __aeabi_uldivmod
 .text          0x00000000080002c0      0x2c8 C:/ST/STM32CubeIDE_1.13.1/STM32CubeIDE/plugins/com.st.stm32cube.ide.mcu.externaltools.gnu-tools-for-stm32.11.3.rel1.win32_1.1.0.202305231506/tools/bin/../lib/gcc/arm-none-eabi/11.3.1/thumb/v7e-m+fp/hard\libgcc.a(_udivmoddi4.o)
                0x00000000080002c0                __udivmoddi4
 .text          0x0000000008000588        0x4 C:/ST/STM32CubeIDE_1.13.1/STM32CubeIDE/plugins/com.st.stm32cube.ide.mcu.externaltools.gnu-tools-for-stm32.11.3.rel1.win32_1.1.0.202305231506/tools/bin/../lib/gcc/arm-none-eabi/11.3.1/thumb/v7e-m+fp/hard\libgcc.a(_dvmd_tls.o)
                0x0000000008000588                __aeabi_idiv0
                0x0000000008000588                __aeabi_ldiv0
 *(.text*)
 .text.bsp_adc_init
                0x000000000800058c       0x3c ./BSP/bsp_adc.o
                0x000000000800058c                bsp_adc_init
 .text.bsp_adc_start
                0x00000000080005c8       0x48 ./BSP/bsp_adc.o
                0x00000000080005c8                bsp_adc_start
 .text.bsp_button_init
                0x0000000008000610       0x48 ./BSP/bsp_btn.o
                0x0000000008000610                bsp_button_init
 .text.bsp_btn_check_state_one_button
                0x0000000008000658      0x290 ./BSP/bsp_btn.o
                0x0000000008000658                bsp_btn_check_state_one_button
 .text.bsp_reset_info
                0x00000000080008e8       0x30 ./BSP/bsp_btn.o
                0x00000000080008e8                bsp_reset_info
 .text.bsp_i2c_init
                0x0000000008000918       0x20 ./BSP/bsp_i2c.o
                0x0000000008000918                bsp_i2c_init
 .text.bsp_i2c_write_buffer
                0x0000000008000938       0x7c ./BSP/bsp_i2c.o
                0x0000000008000938                bsp_i2c_write_buffer
 .text.bsp_i2c_read_buffer
                0x00000000080009b4       0x7c ./BSP/bsp_i2c.o
                0x00000000080009b4                bsp_i2c_read_buffer
 .text.bsp_uart_pc_control_init
                0x0000000008000a30       0x50 ./BSP/bsp_uart.o
                0x0000000008000a30                bsp_uart_pc_control_init
 .text.bsp_uart_pc_control_buffer_init
                0x0000000008000a80       0x3c ./BSP/bsp_uart.o
                0x0000000008000a80                bsp_uart_pc_control_buffer_init
 .text.bsp_uart_start_pc_control_receive
                0x0000000008000abc       0x34 ./BSP/bsp_uart.o
                0x0000000008000abc                bsp_uart_start_pc_control_receive
 .text.bsp_uart_pc_control_send
                0x0000000008000af0       0x2c ./BSP/bsp_uart.o
                0x0000000008000af0                bsp_uart_pc_control_send
 .text.bsp_uart_pc_control_handle_it
                0x0000000008000b1c       0x28 ./BSP/bsp_uart.o
                0x0000000008000b1c                bsp_uart_pc_control_handle_it
 .text.bsp_uart_dfp_init
                0x0000000008000b44       0x50 ./BSP/bsp_uart.o
                0x0000000008000b44                bsp_uart_dfp_init
 .text.bsp_uart_dfp_send
                0x0000000008000b94       0x2c ./BSP/bsp_uart.o
                0x0000000008000b94                bsp_uart_dfp_send
 .text.main     0x0000000008000bc0       0xa0 ./Core/Src/main.o
                0x0000000008000bc0                main
 .text.SystemClock_Config
                0x0000000008000c60       0xd0 ./Core/Src/main.o
                0x0000000008000c60                SystemClock_Config
 .text.MX_ADC1_Init
                0x0000000008000d30       0xa4 ./Core/Src/main.o
 .text.MX_I2C1_Init
                0x0000000008000dd4       0x5c ./Core/Src/main.o
 .text.MX_TIM3_Init
                0x0000000008000e30       0x98 ./Core/Src/main.o
 .text.MX_TIM4_Init
                0x0000000008000ec8       0xb0 ./Core/Src/main.o
 .text.MX_USART2_UART_Init
                0x0000000008000f78       0x54 ./Core/Src/main.o
 .text.MX_USART6_UART_Init
                0x0000000008000fcc       0x54 ./Core/Src/main.o
 .text.MX_DMA_Init
                0x0000000008001020       0x8c ./Core/Src/main.o
 .text.MX_GPIO_Init
                0x00000000080010ac       0xf8 ./Core/Src/main.o
 .text.Error_Handler
                0x00000000080011a4        0xa ./Core/Src/main.o
                0x00000000080011a4                Error_Handler
 *fill*         0x00000000080011ae        0x2 
 .text.HAL_MspInit
                0x00000000080011b0       0x50 ./Core/Src/stm32f4xx_hal_msp.o
                0x00000000080011b0                HAL_MspInit
 .text.HAL_ADC_MspInit
                0x0000000008001200       0xf0 ./Core/Src/stm32f4xx_hal_msp.o
                0x0000000008001200                HAL_ADC_MspInit
 .text.HAL_I2C_MspInit
                0x00000000080012f0       0xb0 ./Core/Src/stm32f4xx_hal_msp.o
                0x00000000080012f0                HAL_I2C_MspInit
 .text.HAL_TIM_Base_MspInit
                0x00000000080013a0       0x50 ./Core/Src/stm32f4xx_hal_msp.o
                0x00000000080013a0                HAL_TIM_Base_MspInit
 .text.HAL_TIM_PWM_MspInit
                0x00000000080013f0       0xb8 ./Core/Src/stm32f4xx_hal_msp.o
                0x00000000080013f0                HAL_TIM_PWM_MspInit
 .text.HAL_TIM_MspPostInit
                0x00000000080014a8       0x74 ./Core/Src/stm32f4xx_hal_msp.o
                0x00000000080014a8                HAL_TIM_MspPostInit
 .text.HAL_UART_MspInit
                0x000000000800151c      0x1e8 ./Core/Src/stm32f4xx_hal_msp.o
                0x000000000800151c                HAL_UART_MspInit
 .text.NMI_Handler
                0x0000000008001704        0x6 ./Core/Src/stm32f4xx_it.o
                0x0000000008001704                NMI_Handler
 .text.HardFault_Handler
                0x000000000800170a        0x6 ./Core/Src/stm32f4xx_it.o
                0x000000000800170a                HardFault_Handler
 .text.MemManage_Handler
                0x0000000008001710        0x6 ./Core/Src/stm32f4xx_it.o
                0x0000000008001710                MemManage_Handler
 .text.BusFault_Handler
                0x0000000008001716        0x6 ./Core/Src/stm32f4xx_it.o
                0x0000000008001716                BusFault_Handler
 .text.UsageFault_Handler
                0x000000000800171c        0x6 ./Core/Src/stm32f4xx_it.o
                0x000000000800171c                UsageFault_Handler
 .text.SVC_Handler
                0x0000000008001722        0xe ./Core/Src/stm32f4xx_it.o
                0x0000000008001722                SVC_Handler
 .text.DebugMon_Handler
                0x0000000008001730        0xe ./Core/Src/stm32f4xx_it.o
                0x0000000008001730                DebugMon_Handler
 .text.PendSV_Handler
                0x000000000800173e        0xe ./Core/Src/stm32f4xx_it.o
                0x000000000800173e                PendSV_Handler
 .text.SysTick_Handler
                0x000000000800174c       0x34 ./Core/Src/stm32f4xx_it.o
                0x000000000800174c                SysTick_Handler
 .text.DMA1_Stream0_IRQHandler
                0x0000000008001780       0x14 ./Core/Src/stm32f4xx_it.o
                0x0000000008001780                DMA1_Stream0_IRQHandler
 .text.DMA1_Stream5_IRQHandler
                0x0000000008001794       0x14 ./Core/Src/stm32f4xx_it.o
                0x0000000008001794                DMA1_Stream5_IRQHandler
 .text.TIM3_IRQHandler
                0x00000000080017a8       0x14 ./Core/Src/stm32f4xx_it.o
                0x00000000080017a8                TIM3_IRQHandler
 .text.TIM4_IRQHandler
                0x00000000080017bc       0x14 ./Core/Src/stm32f4xx_it.o
                0x00000000080017bc                TIM4_IRQHandler
 .text.I2C1_EV_IRQHandler
                0x00000000080017d0       0x14 ./Core/Src/stm32f4xx_it.o
                0x00000000080017d0                I2C1_EV_IRQHandler
 .text.I2C1_ER_IRQHandler
                0x00000000080017e4       0x14 ./Core/Src/stm32f4xx_it.o
                0x00000000080017e4                I2C1_ER_IRQHandler
 .text.USART2_IRQHandler
                0x00000000080017f8       0x14 ./Core/Src/stm32f4xx_it.o
                0x00000000080017f8                USART2_IRQHandler
 .text.DMA2_Stream0_IRQHandler
                0x000000000800180c       0x14 ./Core/Src/stm32f4xx_it.o
                0x000000000800180c                DMA2_Stream0_IRQHandler
 .text.DMA2_Stream1_IRQHandler
                0x0000000008001820       0x14 ./Core/Src/stm32f4xx_it.o
                0x0000000008001820                DMA2_Stream1_IRQHandler
 .text.USART6_IRQHandler
                0x0000000008001834       0x14 ./Core/Src/stm32f4xx_it.o
                0x0000000008001834                USART6_IRQHandler
 .text.SDTimer_Handler
                0x0000000008001848       0x48 ./Core/Src/stm32f4xx_it.o
                0x0000000008001848                SDTimer_Handler
 .text._sbrk    0x0000000008001890       0x6c ./Core/Src/sysmem.o
                0x0000000008001890                _sbrk
 .text.SystemInit
                0x00000000080018fc       0x24 ./Core/Src/system_stm32f4xx.o
                0x00000000080018fc                SystemInit
 .text.Reset_Handler
                0x0000000008001920       0x50 ./Core/Startup/startup_stm32f411vetx.o
                0x0000000008001920                Reset_Handler
 .text.Default_Handler
                0x0000000008001970        0x2 ./Core/Startup/startup_stm32f411vetx.o
                0x0000000008001970                RTC_Alarm_IRQHandler
                0x0000000008001970                EXTI2_IRQHandler
                0x0000000008001970                SPI4_IRQHandler
                0x0000000008001970                TIM1_CC_IRQHandler
                0x0000000008001970                DMA2_Stream5_IRQHandler
                0x0000000008001970                PVD_IRQHandler
                0x0000000008001970                SDIO_IRQHandler
                0x0000000008001970                TAMP_STAMP_IRQHandler
                0x0000000008001970                EXTI3_IRQHandler
                0x0000000008001970                TIM1_UP_TIM10_IRQHandler
                0x0000000008001970                I2C3_ER_IRQHandler
                0x0000000008001970                EXTI0_IRQHandler
                0x0000000008001970                I2C2_EV_IRQHandler
                0x0000000008001970                DMA1_Stream2_IRQHandler
                0x0000000008001970                FPU_IRQHandler
                0x0000000008001970                DMA2_Stream2_IRQHandler
                0x0000000008001970                SPI1_IRQHandler
                0x0000000008001970                TIM1_BRK_TIM9_IRQHandler
                0x0000000008001970                DMA2_Stream3_IRQHandler
                0x0000000008001970                DMA1_Stream6_IRQHandler
                0x0000000008001970                DMA1_Stream1_IRQHandler
                0x0000000008001970                RCC_IRQHandler
                0x0000000008001970                Default_Handler
                0x0000000008001970                EXTI15_10_IRQHandler
                0x0000000008001970                ADC_IRQHandler
                0x0000000008001970                DMA1_Stream7_IRQHandler
                0x0000000008001970                SPI5_IRQHandler
                0x0000000008001970                TIM5_IRQHandler
                0x0000000008001970                DMA2_Stream7_IRQHandler
                0x0000000008001970                I2C3_EV_IRQHandler
                0x0000000008001970                EXTI9_5_IRQHandler
                0x0000000008001970                RTC_WKUP_IRQHandler
                0x0000000008001970                SPI2_IRQHandler
                0x0000000008001970                EXTI4_IRQHandler
                0x0000000008001970                WWDG_IRQHandler
                0x0000000008001970                TIM2_IRQHandler
                0x0000000008001970                OTG_FS_WKUP_IRQHandler
                0x0000000008001970                TIM1_TRG_COM_TIM11_IRQHandler
                0x0000000008001970                EXTI1_IRQHandler
                0x0000000008001970                I2C2_ER_IRQHandler
                0x0000000008001970                FLASH_IRQHandler
                0x0000000008001970                DMA2_Stream4_IRQHandler
                0x0000000008001970                USART1_IRQHandler
                0x0000000008001970                OTG_FS_IRQHandler
                0x0000000008001970                SPI3_IRQHandler
                0x0000000008001970                DMA1_Stream4_IRQHandler
                0x0000000008001970                DMA2_Stream6_IRQHandler
                0x0000000008001970                DMA1_Stream3_IRQHandler
 *fill*         0x0000000008001972        0x2 
 .text.drv_btn_init
                0x0000000008001974       0x14 ./Driver/drv_btn.o
                0x0000000008001974                drv_btn_init
 .text.drv_btn_check_event
                0x0000000008001988       0x64 ./Driver/drv_btn.o
                0x0000000008001988                drv_btn_check_event
 .text.drv_df_playfromstart
                0x00000000080019ec       0x1a ./Driver/drv_dfplayer.o
                0x00000000080019ec                drv_df_playfromstart
 *fill*         0x0000000008001a06        0x2 
 .text.drv_df_init
                0x0000000008001a08       0x54 ./Driver/drv_dfplayer.o
                0x0000000008001a08                drv_df_init
 .text.drv_df_next
                0x0000000008001a5c       0x1a ./Driver/drv_dfplayer.o
                0x0000000008001a5c                drv_df_next
 .text.drv_df_pause
                0x0000000008001a76       0x1a ./Driver/drv_dfplayer.o
                0x0000000008001a76                drv_df_pause
 .text.drv_df_previous
                0x0000000008001a90       0x1a ./Driver/drv_dfplayer.o
                0x0000000008001a90                drv_df_previous
 .text.drv_df_playback
                0x0000000008001aaa       0x1a ./Driver/drv_dfplayer.o
                0x0000000008001aaa                drv_df_playback
 .text.drv_df_playrandom
                0x0000000008001ac4       0x1a ./Driver/drv_dfplayer.o
                0x0000000008001ac4                drv_df_playrandom
 .text.drv_df_send_cmd
                0x0000000008001ade       0x76 ./Driver/drv_dfplayer.o
                0x0000000008001ade                drv_df_send_cmd
 .text.drv_df_playfile
                0x0000000008001b54       0x26 ./Driver/drv_dfplayer.o
                0x0000000008001b54                drv_df_playfile
 *fill*         0x0000000008001b7a        0x2 
 .text.bsp_tim_init
                0x0000000008001b7c       0x20 ./Driver/drv_matrix_led.o
                0x0000000008001b7c                bsp_tim_init
 .text.HAL_TIM_PWM_PulseFinishedCallback
                0x0000000008001b9c       0x2c ./Driver/drv_matrix_led.o
                0x0000000008001b9c                HAL_TIM_PWM_PulseFinishedCallback
 .text.get_set_time_hour
                0x0000000008001bc8       0x14 ./Driver/drv_matrix_led.o
                0x0000000008001bc8                get_set_time_hour
 .text.get_set_time_minutes
                0x0000000008001bdc       0x14 ./Driver/drv_matrix_led.o
                0x0000000008001bdc                get_set_time_minutes
 .text.get_set_time_seconds
                0x0000000008001bf0       0x14 ./Driver/drv_matrix_led.o
                0x0000000008001bf0                get_set_time_seconds
 .text.get_set_time_date
                0x0000000008001c04       0x14 ./Driver/drv_matrix_led.o
                0x0000000008001c04                get_set_time_date
 .text.get_set_time_month
                0x0000000008001c18       0x14 ./Driver/drv_matrix_led.o
                0x0000000008001c18                get_set_time_month
 .text.get_set_time_year
                0x0000000008001c2c       0x14 ./Driver/drv_matrix_led.o
                0x0000000008001c2c                get_set_time_year
 .text.drv_led_matrix_clear
                0x0000000008001c40       0x4e ./Driver/drv_matrix_led.o
                0x0000000008001c40                drv_led_matrix_clear
 *fill*         0x0000000008001c8e        0x2 
 .text.drv_led_matrix_set_led
                0x0000000008001c90       0x98 ./Driver/drv_matrix_led.o
                0x0000000008001c90                drv_led_matrix_set_led
 .text.drv_led_matrix_set_brightness
                0x0000000008001d28       0x98 ./Driver/drv_matrix_led.o
                0x0000000008001d28                drv_led_matrix_set_brightness
 .text.drv_led_matrix_ws2812_send
                0x0000000008001dc0       0xe4 ./Driver/drv_matrix_led.o
                0x0000000008001dc0                drv_led_matrix_ws2812_send
 .text.drv_led_matrix_draw_digit
                0x0000000008001ea4       0xa8 ./Driver/drv_matrix_led.o
                0x0000000008001ea4                drv_led_matrix_draw_digit
 .text.drv_led_matrix_draw_letter
                0x0000000008001f4c       0xb4 ./Driver/drv_matrix_led.o
                0x0000000008001f4c                drv_led_matrix_draw_letter
 .text.drv_led_matrix_draw_string
                0x0000000008002000       0x82 ./Driver/drv_matrix_led.o
                0x0000000008002000                drv_led_matrix_draw_string
 *fill*         0x0000000008002082        0x2 
 .text.drv_led_matrix_draw_clock_icon
                0x0000000008002084       0xa4 ./Driver/drv_matrix_led.o
                0x0000000008002084                drv_led_matrix_draw_clock_icon
 .text.drv_led_matrix_draw_alarm_clock_icon
                0x0000000008002128       0xa4 ./Driver/drv_matrix_led.o
                0x0000000008002128                drv_led_matrix_draw_alarm_clock_icon
 .text.drv_led_matrix_draw_number
                0x00000000080021cc       0x98 ./Driver/drv_matrix_led.o
                0x00000000080021cc                drv_led_matrix_draw_number
 .text.drv_led_matrix_draw_number_sec
                0x0000000008002264       0x98 ./Driver/drv_matrix_led.o
                0x0000000008002264                drv_led_matrix_draw_number_sec
 .text.drv_led_matrix_draw_time
                0x00000000080022fc       0xb4 ./Driver/drv_matrix_led.o
                0x00000000080022fc                drv_led_matrix_draw_time
 .text.drv_led_matrix_display_rtc_setting
                0x00000000080023b0       0xb4 ./Driver/drv_matrix_led.o
                0x00000000080023b0                drv_led_matrix_display_rtc_setting
 .text.drv_led_matrix_display_alarm_setting
                0x0000000008002464      0x13a ./Driver/drv_matrix_led.o
                0x0000000008002464                drv_led_matrix_display_alarm_setting
 .text.drv_led_matrix_display_set_time_setting
                0x000000000800259e      0x13a ./Driver/drv_matrix_led.o
                0x000000000800259e                drv_led_matrix_display_set_time_setting
 .text.drv_led_matrix_display_set_date_setting
                0x00000000080026d8      0x150 ./Driver/drv_matrix_led.o
                0x00000000080026d8                drv_led_matrix_display_set_date_setting
 .text.drv_led_matrix_set_alarm_interactive
                0x0000000008002828      0x1fc ./Driver/drv_matrix_led.o
                0x0000000008002828                drv_led_matrix_set_alarm_interactive
 .text.drv_led_matrix_set_rtc_interactive
                0x0000000008002a24       0x70 ./Driver/drv_matrix_led.o
                0x0000000008002a24                drv_led_matrix_set_rtc_interactive
 .text.drv_led_matrix_set_time_interactive
                0x0000000008002a94      0x160 ./Driver/drv_matrix_led.o
                0x0000000008002a94                drv_led_matrix_set_time_interactive
 .text.days_in_month
                0x0000000008002bf4       0xbc ./Driver/drv_matrix_led.o
                0x0000000008002bf4                days_in_month
 .text.drv_led_matrix_set_date_interactive
                0x0000000008002cb0      0x14c ./Driver/drv_matrix_led.o
                0x0000000008002cb0                drv_led_matrix_set_date_interactive
 .text.drv_led_matrix_update_rgb_effect
                0x0000000008002dfc       0x80 ./Driver/drv_matrix_led.o
                0x0000000008002dfc                drv_led_matrix_update_rgb_effect
 .text.drv_matrix_led_digital_clock
                0x0000000008002e7c       0x54 ./Driver/drv_matrix_led.o
                0x0000000008002e7c                drv_matrix_led_digital_clock
 .text.drv_matrix_led_date_time
                0x0000000008002ed0       0x94 ./Driver/drv_matrix_led.o
                0x0000000008002ed0                drv_matrix_led_date_time
 .text.drv_matrix_led_trigger_alarm
                0x0000000008002f64       0x64 ./Driver/drv_matrix_led.o
                0x0000000008002f64                drv_matrix_led_trigger_alarm
 .text.drv_matrix_led_check_alarms
                0x0000000008002fc8       0x7c ./Driver/drv_matrix_led.o
                0x0000000008002fc8                drv_matrix_led_check_alarms
 .text.drv_led_matrix_draw_icon
                0x0000000008003044       0xa2 ./Driver/drv_matrix_led.o
                0x0000000008003044                drv_led_matrix_draw_icon
 .text.drv_rtc_bcd_to_dec
                0x00000000080030e6       0x32 ./Driver/drv_rtc.o
                0x00000000080030e6                drv_rtc_bcd_to_dec
 .text.drv_rtc_dec_to_bcd
                0x0000000008003118       0x48 ./Driver/drv_rtc.o
                0x0000000008003118                drv_rtc_dec_to_bcd
 .text.drv_rtc_get_time
                0x0000000008003160       0xd8 ./Driver/drv_rtc.o
                0x0000000008003160                drv_rtc_get_time
 .text.drv_rtc_set_time
                0x0000000008003238      0x160 ./Driver/drv_rtc.o
                0x0000000008003238                drv_rtc_set_time
 .text.drv_rtc_get_rtc_ds1307
                0x0000000008003398       0x14 ./Driver/drv_rtc.o
                0x0000000008003398                drv_rtc_get_rtc_ds1307
 .text.drv_rtc_set_alarm
                0x00000000080033ac       0x78 ./Driver/drv_rtc.o
                0x00000000080033ac                drv_rtc_set_alarm
 .text.uart_process_received_data_config_time
                0x0000000008003424      0x164 ./Driver/drv_uart_mn_rec_data.o
                0x0000000008003424                uart_process_received_data_config_time
 .text.uart_process_received_data_config_alarm
                0x0000000008003588      0x1dc ./Driver/drv_uart_mn_rec_data.o
                0x0000000008003588                uart_process_received_data_config_alarm
 .text.uart_process_transmit_data_get_time
                0x0000000008003764       0x74 ./Driver/drv_uart_mn_rec_data.o
                0x0000000008003764                uart_process_transmit_data_get_time
 .text.ds1307_notify_alarm
                0x00000000080037d8       0xe4 ./Driver/drv_uart_mn_rec_data.o
                0x00000000080037d8                ds1307_notify_alarm
 .text.fft_process
                0x00000000080038bc      0x3ac ./Driver/fft_handle.o
                0x00000000080038bc                fft_process
 .text.fft_display
                0x0000000008003c68      0x16c ./Driver/fft_handle.o
                0x0000000008003c68                fft_display
 .text.fsm_process_received_data
                0x0000000008003dd4      0x1b4 ./Driver/uart_respond_fsm.o
                0x0000000008003dd4                fsm_process_received_data
 .text.HAL_Init
                0x0000000008003f88       0x44 ./Drivers/STM32F4xx_HAL_Driver/Src/stm32f4xx_hal.o
                0x0000000008003f88                HAL_Init
 .text.HAL_InitTick
                0x0000000008003fcc       0x60 ./Drivers/STM32F4xx_HAL_Driver/Src/stm32f4xx_hal.o
                0x0000000008003fcc                HAL_InitTick
 .text.HAL_IncTick
                0x000000000800402c       0x28 ./Drivers/STM32F4xx_HAL_Driver/Src/stm32f4xx_hal.o
                0x000000000800402c                HAL_IncTick
 .text.HAL_GetTick
                0x0000000008004054       0x18 ./Drivers/STM32F4xx_HAL_Driver/Src/stm32f4xx_hal.o
                0x0000000008004054                HAL_GetTick
 .text.HAL_Delay
                0x000000000800406c       0x48 ./Drivers/STM32F4xx_HAL_Driver/Src/stm32f4xx_hal.o
                0x000000000800406c                HAL_Delay
 .text.HAL_ADC_Init
                0x00000000080040b4       0x86 ./Drivers/STM32F4xx_HAL_Driver/Src/stm32f4xx_hal_adc.o
                0x00000000080040b4                HAL_ADC_Init
 *fill*         0x000000000800413a        0x2 
 .text.HAL_ADC_Start_DMA
                0x000000000800413c      0x1e0 ./Drivers/STM32F4xx_HAL_Driver/Src/stm32f4xx_hal_adc.o
                0x000000000800413c                HAL_ADC_Start_DMA
 .text.HAL_ADC_ConvCpltCallback
                0x000000000800431c       0x14 ./Drivers/STM32F4xx_HAL_Driver/Src/stm32f4xx_hal_adc.o
                0x000000000800431c                HAL_ADC_ConvCpltCallback
 .text.HAL_ADC_ConvHalfCpltCallback
                0x0000000008004330       0x14 ./Drivers/STM32F4xx_HAL_Driver/Src/stm32f4xx_hal_adc.o
                0x0000000008004330                HAL_ADC_ConvHalfCpltCallback
 .text.HAL_ADC_ErrorCallback
                0x0000000008004344       0x14 ./Drivers/STM32F4xx_HAL_Driver/Src/stm32f4xx_hal_adc.o
                0x0000000008004344                HAL_ADC_ErrorCallback
 .text.HAL_ADC_ConfigChannel
                0x0000000008004358      0x264 ./Drivers/STM32F4xx_HAL_Driver/Src/stm32f4xx_hal_adc.o
                0x0000000008004358                HAL_ADC_ConfigChannel
 .text.ADC_Init
                0x00000000080045bc      0x1f8 ./Drivers/STM32F4xx_HAL_Driver/Src/stm32f4xx_hal_adc.o
 .text.ADC_DMAConvCplt
                0x00000000080047b4       0xba ./Drivers/STM32F4xx_HAL_Driver/Src/stm32f4xx_hal_adc.o
 .text.ADC_DMAHalfConvCplt
                0x000000000800486e       0x1c ./Drivers/STM32F4xx_HAL_Driver/Src/stm32f4xx_hal_adc.o
 .text.ADC_DMAError
                0x000000000800488a       0x2e ./Drivers/STM32F4xx_HAL_Driver/Src/stm32f4xx_hal_adc.o
 .text.__NVIC_SetPriorityGrouping
                0x00000000080048b8       0x48 ./Drivers/STM32F4xx_HAL_Driver/Src/stm32f4xx_hal_cortex.o
 .text.__NVIC_GetPriorityGrouping
                0x0000000008004900       0x1c ./Drivers/STM32F4xx_HAL_Driver/Src/stm32f4xx_hal_cortex.o
 .text.__NVIC_EnableIRQ
                0x000000000800491c       0x3c ./Drivers/STM32F4xx_HAL_Driver/Src/stm32f4xx_hal_cortex.o
 .text.__NVIC_SetPriority
                0x0000000008004958       0x54 ./Drivers/STM32F4xx_HAL_Driver/Src/stm32f4xx_hal_cortex.o
 .text.NVIC_EncodePriority
                0x00000000080049ac       0x66 ./Drivers/STM32F4xx_HAL_Driver/Src/stm32f4xx_hal_cortex.o
 *fill*         0x0000000008004a12        0x2 
 .text.SysTick_Config
                0x0000000008004a14       0x44 ./Drivers/STM32F4xx_HAL_Driver/Src/stm32f4xx_hal_cortex.o
 .text.HAL_NVIC_SetPriorityGrouping
                0x0000000008004a58       0x16 ./Drivers/STM32F4xx_HAL_Driver/Src/stm32f4xx_hal_cortex.o
                0x0000000008004a58                HAL_NVIC_SetPriorityGrouping
 .text.HAL_NVIC_SetPriority
                0x0000000008004a6e       0x38 ./Drivers/STM32F4xx_HAL_Driver/Src/stm32f4xx_hal_cortex.o
                0x0000000008004a6e                HAL_NVIC_SetPriority
 .text.HAL_NVIC_EnableIRQ
                0x0000000008004aa6       0x1c ./Drivers/STM32F4xx_HAL_Driver/Src/stm32f4xx_hal_cortex.o
                0x0000000008004aa6                HAL_NVIC_EnableIRQ
 .text.HAL_SYSTICK_Config
                0x0000000008004ac2       0x18 ./Drivers/STM32F4xx_HAL_Driver/Src/stm32f4xx_hal_cortex.o
                0x0000000008004ac2                HAL_SYSTICK_Config
 *fill*         0x0000000008004ada        0x2 
 .text.HAL_DMA_Init
                0x0000000008004adc      0x15c ./Drivers/STM32F4xx_HAL_Driver/Src/stm32f4xx_hal_dma.o
                0x0000000008004adc                HAL_DMA_Init
 .text.HAL_DMA_Start_IT
                0x0000000008004c38       0xb0 ./Drivers/STM32F4xx_HAL_Driver/Src/stm32f4xx_hal_dma.o
                0x0000000008004c38                HAL_DMA_Start_IT
 .text.HAL_DMA_Abort
                0x0000000008004ce8       0xe0 ./Drivers/STM32F4xx_HAL_Driver/Src/stm32f4xx_hal_dma.o
                0x0000000008004ce8                HAL_DMA_Abort
 .text.HAL_DMA_Abort_IT
                0x0000000008004dc8       0x44 ./Drivers/STM32F4xx_HAL_Driver/Src/stm32f4xx_hal_dma.o
                0x0000000008004dc8                HAL_DMA_Abort_IT
 .text.HAL_DMA_IRQHandler
                0x0000000008004e0c      0x314 ./Drivers/STM32F4xx_HAL_Driver/Src/stm32f4xx_hal_dma.o
                0x0000000008004e0c                HAL_DMA_IRQHandler
 .text.HAL_DMA_GetState
                0x0000000008005120       0x1c ./Drivers/STM32F4xx_HAL_Driver/Src/stm32f4xx_hal_dma.o
                0x0000000008005120                HAL_DMA_GetState
 .text.DMA_SetConfig
                0x000000000800513c       0x5c ./Drivers/STM32F4xx_HAL_Driver/Src/stm32f4xx_hal_dma.o
 .text.DMA_CalcBaseAndBitshift
                0x0000000008005198       0x6c ./Drivers/STM32F4xx_HAL_Driver/Src/stm32f4xx_hal_dma.o
 .text.DMA_CheckFifoParam
                0x0000000008005204       0xf8 ./Drivers/STM32F4xx_HAL_Driver/Src/stm32f4xx_hal_dma.o
 .text.HAL_GPIO_Init
                0x00000000080052fc      0x308 ./Drivers/STM32F4xx_HAL_Driver/Src/stm32f4xx_hal_gpio.o
                0x00000000080052fc                HAL_GPIO_Init
 .text.HAL_GPIO_ReadPin
                0x0000000008005604       0x30 ./Drivers/STM32F4xx_HAL_Driver/Src/stm32f4xx_hal_gpio.o
                0x0000000008005604                HAL_GPIO_ReadPin
 .text.HAL_GPIO_WritePin
                0x0000000008005634       0x32 ./Drivers/STM32F4xx_HAL_Driver/Src/stm32f4xx_hal_gpio.o
                0x0000000008005634                HAL_GPIO_WritePin
 *fill*         0x0000000008005666        0x2 
 .text.HAL_I2C_Init
                0x0000000008005668      0x288 ./Drivers/STM32F4xx_HAL_Driver/Src/stm32f4xx_hal_i2c.o
                0x0000000008005668                HAL_I2C_Init
 .text.I2C_Flush_DR
                0x00000000080058f0       0x2a ./Drivers/STM32F4xx_HAL_Driver/Src/stm32f4xx_hal_i2c.o
 *fill*         0x000000000800591a        0x2 
 .text.HAL_I2C_Master_Transmit
                0x000000000800591c      0x1fc ./Drivers/STM32F4xx_HAL_Driver/Src/stm32f4xx_hal_i2c.o
                0x000000000800591c                HAL_I2C_Master_Transmit
 .text.HAL_I2C_Master_Receive
                0x0000000008005b18      0x464 ./Drivers/STM32F4xx_HAL_Driver/Src/stm32f4xx_hal_i2c.o
                0x0000000008005b18                HAL_I2C_Master_Receive
 .text.HAL_I2C_EV_IRQHandler
                0x0000000008005f7c      0x2a6 ./Drivers/STM32F4xx_HAL_Driver/Src/stm32f4xx_hal_i2c.o
                0x0000000008005f7c                HAL_I2C_EV_IRQHandler
 .text.HAL_I2C_ER_IRQHandler
                0x0000000008006222      0x13e ./Drivers/STM32F4xx_HAL_Driver/Src/stm32f4xx_hal_i2c.o
                0x0000000008006222                HAL_I2C_ER_IRQHandler
 .text.HAL_I2C_MasterTxCpltCallback
                0x0000000008006360       0x14 ./Drivers/STM32F4xx_HAL_Driver/Src/stm32f4xx_hal_i2c.o
                0x0000000008006360                HAL_I2C_MasterTxCpltCallback
 .text.HAL_I2C_MasterRxCpltCallback
                0x0000000008006374       0x14 ./Drivers/STM32F4xx_HAL_Driver/Src/stm32f4xx_hal_i2c.o
                0x0000000008006374                HAL_I2C_MasterRxCpltCallback
 .text.HAL_I2C_SlaveTxCpltCallback
                0x0000000008006388       0x14 ./Drivers/STM32F4xx_HAL_Driver/Src/stm32f4xx_hal_i2c.o
                0x0000000008006388                HAL_I2C_SlaveTxCpltCallback
 .text.HAL_I2C_SlaveRxCpltCallback
                0x000000000800639c       0x14 ./Drivers/STM32F4xx_HAL_Driver/Src/stm32f4xx_hal_i2c.o
                0x000000000800639c                HAL_I2C_SlaveRxCpltCallback
 .text.HAL_I2C_AddrCallback
                0x00000000080063b0       0x1c ./Drivers/STM32F4xx_HAL_Driver/Src/stm32f4xx_hal_i2c.o
                0x00000000080063b0                HAL_I2C_AddrCallback
 .text.HAL_I2C_ListenCpltCallback
                0x00000000080063cc       0x14 ./Drivers/STM32F4xx_HAL_Driver/Src/stm32f4xx_hal_i2c.o
                0x00000000080063cc                HAL_I2C_ListenCpltCallback
 .text.HAL_I2C_MemTxCpltCallback
                0x00000000080063e0       0x14 ./Drivers/STM32F4xx_HAL_Driver/Src/stm32f4xx_hal_i2c.o
                0x00000000080063e0                HAL_I2C_MemTxCpltCallback
 .text.HAL_I2C_MemRxCpltCallback
                0x00000000080063f4       0x14 ./Drivers/STM32F4xx_HAL_Driver/Src/stm32f4xx_hal_i2c.o
                0x00000000080063f4                HAL_I2C_MemRxCpltCallback
 .text.HAL_I2C_ErrorCallback
                0x0000000008006408       0x14 ./Drivers/STM32F4xx_HAL_Driver/Src/stm32f4xx_hal_i2c.o
                0x0000000008006408                HAL_I2C_ErrorCallback
 .text.HAL_I2C_AbortCpltCallback
                0x000000000800641c       0x14 ./Drivers/STM32F4xx_HAL_Driver/Src/stm32f4xx_hal_i2c.o
                0x000000000800641c                HAL_I2C_AbortCpltCallback
 .text.HAL_I2C_GetError
                0x0000000008006430       0x18 ./Drivers/STM32F4xx_HAL_Driver/Src/stm32f4xx_hal_i2c.o
                0x0000000008006430                HAL_I2C_GetError
 .text.I2C_MasterTransmit_TXE
                0x0000000008006448      0x138 ./Drivers/STM32F4xx_HAL_Driver/Src/stm32f4xx_hal_i2c.o
 .text.I2C_MasterTransmit_BTF
                0x0000000008006580       0xec ./Drivers/STM32F4xx_HAL_Driver/Src/stm32f4xx_hal_i2c.o
 .text.I2C_MemoryTransmit_TXE_BTF
                0x000000000800666c      0x130 ./Drivers/STM32F4xx_HAL_Driver/Src/stm32f4xx_hal_i2c.o
 .text.I2C_MasterReceive_RXNE
                0x000000000800679c      0x190 ./Drivers/STM32F4xx_HAL_Driver/Src/stm32f4xx_hal_i2c.o
 .text.I2C_MasterReceive_BTF
                0x000000000800692c      0x1ea ./Drivers/STM32F4xx_HAL_Driver/Src/stm32f4xx_hal_i2c.o
 .text.I2C_Master_SB
                0x0000000008006b16      0x10c ./Drivers/STM32F4xx_HAL_Driver/Src/stm32f4xx_hal_i2c.o
 .text.I2C_Master_ADD10
                0x0000000008006c22       0x54 ./Drivers/STM32F4xx_HAL_Driver/Src/stm32f4xx_hal_i2c.o
 .text.I2C_Master_ADDR
                0x0000000008006c76      0x322 ./Drivers/STM32F4xx_HAL_Driver/Src/stm32f4xx_hal_i2c.o
 .text.I2C_SlaveTransmit_TXE
                0x0000000008006f98       0x7a ./Drivers/STM32F4xx_HAL_Driver/Src/stm32f4xx_hal_i2c.o
 .text.I2C_SlaveTransmit_BTF
                0x0000000008007012       0x42 ./Drivers/STM32F4xx_HAL_Driver/Src/stm32f4xx_hal_i2c.o
 .text.I2C_SlaveReceive_RXNE
                0x0000000008007054       0x7c ./Drivers/STM32F4xx_HAL_Driver/Src/stm32f4xx_hal_i2c.o
 .text.I2C_SlaveReceive_BTF
                0x00000000080070d0       0x44 ./Drivers/STM32F4xx_HAL_Driver/Src/stm32f4xx_hal_i2c.o
 .text.I2C_Slave_ADDR
                0x0000000008007114       0x90 ./Drivers/STM32F4xx_HAL_Driver/Src/stm32f4xx_hal_i2c.o
 .text.I2C_Slave_STOPF
                0x00000000080071a4      0x260 ./Drivers/STM32F4xx_HAL_Driver/Src/stm32f4xx_hal_i2c.o
 .text.I2C_Slave_AF
                0x0000000008007404       0xe8 ./Drivers/STM32F4xx_HAL_Driver/Src/stm32f4xx_hal_i2c.o
 .text.I2C_ITError
                0x00000000080074ec      0x264 ./Drivers/STM32F4xx_HAL_Driver/Src/stm32f4xx_hal_i2c.o
 .text.I2C_MasterRequestWrite
                0x0000000008007750      0x104 ./Drivers/STM32F4xx_HAL_Driver/Src/stm32f4xx_hal_i2c.o
 .text.I2C_MasterRequestRead
                0x0000000008007854      0x19c ./Drivers/STM32F4xx_HAL_Driver/Src/stm32f4xx_hal_i2c.o
 .text.I2C_DMAAbort
                0x00000000080079f0      0x150 ./Drivers/STM32F4xx_HAL_Driver/Src/stm32f4xx_hal_i2c.o
 .text.I2C_WaitOnFlagUntilTimeout
                0x0000000008007b40       0xf4 ./Drivers/STM32F4xx_HAL_Driver/Src/stm32f4xx_hal_i2c.o
 .text.I2C_WaitOnMasterAddressFlagUntilTimeout
                0x0000000008007c34      0x140 ./Drivers/STM32F4xx_HAL_Driver/Src/stm32f4xx_hal_i2c.o
 .text.I2C_WaitOnTXEFlagUntilTimeout
                0x0000000008007d74       0x90 ./Drivers/STM32F4xx_HAL_Driver/Src/stm32f4xx_hal_i2c.o
 .text.I2C_WaitOnBTFFlagUntilTimeout
                0x0000000008007e04       0x90 ./Drivers/STM32F4xx_HAL_Driver/Src/stm32f4xx_hal_i2c.o
 .text.I2C_WaitOnSTOPRequestThroughIT
                0x0000000008007e94       0x64 ./Drivers/STM32F4xx_HAL_Driver/Src/stm32f4xx_hal_i2c.o
 .text.I2C_WaitOnRXNEFlagUntilTimeout
                0x0000000008007ef8       0xba ./Drivers/STM32F4xx_HAL_Driver/Src/stm32f4xx_hal_i2c.o
 .text.I2C_IsAcknowledgeFailed
                0x0000000008007fb2       0x5e ./Drivers/STM32F4xx_HAL_Driver/Src/stm32f4xx_hal_i2c.o
 .text.I2C_ConvertOtherXferOptions
                0x0000000008008010       0x36 ./Drivers/STM32F4xx_HAL_Driver/Src/stm32f4xx_hal_i2c.o
 *fill*         0x0000000008008046        0x2 
 .text.HAL_RCC_OscConfig
                0x0000000008008048      0x4f0 ./Drivers/STM32F4xx_HAL_Driver/Src/stm32f4xx_hal_rcc.o
                0x0000000008008048                HAL_RCC_OscConfig
 .text.HAL_RCC_ClockConfig
                0x0000000008008538      0x1cc ./Drivers/STM32F4xx_HAL_Driver/Src/stm32f4xx_hal_rcc.o
                0x0000000008008538                HAL_RCC_ClockConfig
 .text.HAL_RCC_GetSysClockFreq
                0x0000000008008704      0x20c ./Drivers/STM32F4xx_HAL_Driver/Src/stm32f4xx_hal_rcc.o
                0x0000000008008704                HAL_RCC_GetSysClockFreq
 .text.HAL_RCC_GetHCLKFreq
                0x0000000008008910       0x18 ./Drivers/STM32F4xx_HAL_Driver/Src/stm32f4xx_hal_rcc.o
                0x0000000008008910                HAL_RCC_GetHCLKFreq
 .text.HAL_RCC_GetPCLK1Freq
                0x0000000008008928       0x28 ./Drivers/STM32F4xx_HAL_Driver/Src/stm32f4xx_hal_rcc.o
                0x0000000008008928                HAL_RCC_GetPCLK1Freq
 .text.HAL_RCC_GetPCLK2Freq
                0x0000000008008950       0x28 ./Drivers/STM32F4xx_HAL_Driver/Src/stm32f4xx_hal_rcc.o
                0x0000000008008950                HAL_RCC_GetPCLK2Freq
 .text.HAL_TIM_Base_Init
                0x0000000008008978       0x9e ./Drivers/STM32F4xx_HAL_Driver/Src/stm32f4xx_hal_tim.o
                0x0000000008008978                HAL_TIM_Base_Init
 *fill*         0x0000000008008a16        0x2 
 .text.HAL_TIM_Base_Start_IT
                0x0000000008008a18       0xc4 ./Drivers/STM32F4xx_HAL_Driver/Src/stm32f4xx_hal_tim.o
                0x0000000008008a18                HAL_TIM_Base_Start_IT
 .text.HAL_TIM_PWM_Init
                0x0000000008008adc       0x9e ./Drivers/STM32F4xx_HAL_Driver/Src/stm32f4xx_hal_tim.o
                0x0000000008008adc                HAL_TIM_PWM_Init
 *fill*         0x0000000008008b7a        0x2 
 .text.HAL_TIM_PWM_Start_DMA
                0x0000000008008b7c      0x360 ./Drivers/STM32F4xx_HAL_Driver/Src/stm32f4xx_hal_tim.o
                0x0000000008008b7c                HAL_TIM_PWM_Start_DMA
 .text.HAL_TIM_PWM_Stop_DMA
                0x0000000008008edc      0x18c ./Drivers/STM32F4xx_HAL_Driver/Src/stm32f4xx_hal_tim.o
                0x0000000008008edc                HAL_TIM_PWM_Stop_DMA
 .text.HAL_TIM_IRQHandler
                0x0000000008009068      0x1e0 ./Drivers/STM32F4xx_HAL_Driver/Src/stm32f4xx_hal_tim.o
                0x0000000008009068                HAL_TIM_IRQHandler
 .text.HAL_TIM_PWM_ConfigChannel
                0x0000000008009248      0x184 ./Drivers/STM32F4xx_HAL_Driver/Src/stm32f4xx_hal_tim.o
                0x0000000008009248                HAL_TIM_PWM_ConfigChannel
 .text.HAL_TIM_ConfigClockSource
                0x00000000080093cc      0x18e ./Drivers/STM32F4xx_HAL_Driver/Src/stm32f4xx_hal_tim.o
                0x00000000080093cc                HAL_TIM_ConfigClockSource
 .text.HAL_TIM_OC_DelayElapsedCallback
                0x000000000800955a       0x14 ./Drivers/STM32F4xx_HAL_Driver/Src/stm32f4xx_hal_tim.o
                0x000000000800955a                HAL_TIM_OC_DelayElapsedCallback
 .text.HAL_TIM_IC_CaptureCallback
                0x000000000800956e       0x14 ./Drivers/STM32F4xx_HAL_Driver/Src/stm32f4xx_hal_tim.o
                0x000000000800956e                HAL_TIM_IC_CaptureCallback
 .text.HAL_TIM_PWM_PulseFinishedHalfCpltCallback
                0x0000000008009582       0x14 ./Drivers/STM32F4xx_HAL_Driver/Src/stm32f4xx_hal_tim.o
                0x0000000008009582                HAL_TIM_PWM_PulseFinishedHalfCpltCallback
 .text.HAL_TIM_TriggerCallback
                0x0000000008009596       0x14 ./Drivers/STM32F4xx_HAL_Driver/Src/stm32f4xx_hal_tim.o
                0x0000000008009596                HAL_TIM_TriggerCallback
 .text.HAL_TIM_ErrorCallback
                0x00000000080095aa       0x14 ./Drivers/STM32F4xx_HAL_Driver/Src/stm32f4xx_hal_tim.o
                0x00000000080095aa                HAL_TIM_ErrorCallback
 .text.TIM_DMAError
                0x00000000080095be       0x92 ./Drivers/STM32F4xx_HAL_Driver/Src/stm32f4xx_hal_tim.o
                0x00000000080095be                TIM_DMAError
 .text.TIM_DMADelayPulseCplt
                0x0000000008009650       0xa8 ./Drivers/STM32F4xx_HAL_Driver/Src/stm32f4xx_hal_tim.o
 .text.TIM_DMADelayPulseHalfCplt
                0x00000000080096f8       0x68 ./Drivers/STM32F4xx_HAL_Driver/Src/stm32f4xx_hal_tim.o
                0x00000000080096f8                TIM_DMADelayPulseHalfCplt
 .text.TIM_Base_SetConfig
                0x0000000008009760      0x118 ./Drivers/STM32F4xx_HAL_Driver/Src/stm32f4xx_hal_tim.o
                0x0000000008009760                TIM_Base_SetConfig
 .text.TIM_OC1_SetConfig
                0x0000000008009878       0xcc ./Drivers/STM32F4xx_HAL_Driver/Src/stm32f4xx_hal_tim.o
 .text.TIM_OC2_SetConfig
                0x0000000008009944       0xd8 ./Drivers/STM32F4xx_HAL_Driver/Src/stm32f4xx_hal_tim.o
                0x0000000008009944                TIM_OC2_SetConfig
 .text.TIM_OC3_SetConfig
                0x0000000008009a1c       0xd4 ./Drivers/STM32F4xx_HAL_Driver/Src/stm32f4xx_hal_tim.o
 .text.TIM_OC4_SetConfig
                0x0000000008009af0       0xa0 ./Drivers/STM32F4xx_HAL_Driver/Src/stm32f4xx_hal_tim.o
 .text.TIM_TI1_ConfigInputStage
                0x0000000008009b90       0x5e ./Drivers/STM32F4xx_HAL_Driver/Src/stm32f4xx_hal_tim.o
 .text.TIM_TI2_ConfigInputStage
                0x0000000008009bee       0x60 ./Drivers/STM32F4xx_HAL_Driver/Src/stm32f4xx_hal_tim.o
 .text.TIM_ITRx_SetConfig
                0x0000000008009c4e       0x36 ./Drivers/STM32F4xx_HAL_Driver/Src/stm32f4xx_hal_tim.o
 .text.TIM_ETR_SetConfig
                0x0000000008009c84       0x40 ./Drivers/STM32F4xx_HAL_Driver/Src/stm32f4xx_hal_tim.o
                0x0000000008009c84                TIM_ETR_SetConfig
 .text.TIM_CCxChannelCmd
                0x0000000008009cc4       0x4a ./Drivers/STM32F4xx_HAL_Driver/Src/stm32f4xx_hal_tim.o
                0x0000000008009cc4                TIM_CCxChannelCmd
 *fill*         0x0000000008009d0e        0x2 
 .text.HAL_TIMEx_MasterConfigSynchronization
                0x0000000008009d10       0xdc ./Drivers/STM32F4xx_HAL_Driver/Src/stm32f4xx_hal_tim_ex.o
                0x0000000008009d10                HAL_TIMEx_MasterConfigSynchronization
 .text.HAL_TIMEx_CommutCallback
                0x0000000008009dec       0x14 ./Drivers/STM32F4xx_HAL_Driver/Src/stm32f4xx_hal_tim_ex.o
                0x0000000008009dec                HAL_TIMEx_CommutCallback
 .text.HAL_TIMEx_BreakCallback
                0x0000000008009e00       0x14 ./Drivers/STM32F4xx_HAL_Driver/Src/stm32f4xx_hal_tim_ex.o
                0x0000000008009e00                HAL_TIMEx_BreakCallback
 .text.HAL_UART_Init
                0x0000000008009e14       0xa0 ./Drivers/STM32F4xx_HAL_Driver/Src/stm32f4xx_hal_uart.o
                0x0000000008009e14                HAL_UART_Init
 .text.HAL_UART_Transmit
                0x0000000008009eb4      0x116 ./Drivers/STM32F4xx_HAL_Driver/Src/stm32f4xx_hal_uart.o
                0x0000000008009eb4                HAL_UART_Transmit
 .text.HAL_UARTEx_ReceiveToIdle_DMA
                0x0000000008009fca       0xba ./Drivers/STM32F4xx_HAL_Driver/Src/stm32f4xx_hal_uart.o
                0x0000000008009fca                HAL_UARTEx_ReceiveToIdle_DMA
 .text.HAL_UART_IRQHandler
                0x000000000800a084      0x524 ./Drivers/STM32F4xx_HAL_Driver/Src/stm32f4xx_hal_uart.o
                0x000000000800a084                HAL_UART_IRQHandler
 .text.HAL_UART_TxCpltCallback
                0x000000000800a5a8       0x14 ./Drivers/STM32F4xx_HAL_Driver/Src/stm32f4xx_hal_uart.o
                0x000000000800a5a8                HAL_UART_TxCpltCallback
 .text.HAL_UART_RxCpltCallback
                0x000000000800a5bc       0x14 ./Drivers/STM32F4xx_HAL_Driver/Src/stm32f4xx_hal_uart.o
                0x000000000800a5bc                HAL_UART_RxCpltCallback
 .text.HAL_UART_RxHalfCpltCallback
                0x000000000800a5d0       0x14 ./Drivers/STM32F4xx_HAL_Driver/Src/stm32f4xx_hal_uart.o
                0x000000000800a5d0                HAL_UART_RxHalfCpltCallback
 .text.HAL_UART_ErrorCallback
                0x000000000800a5e4       0x14 ./Drivers/STM32F4xx_HAL_Driver/Src/stm32f4xx_hal_uart.o
                0x000000000800a5e4                HAL_UART_ErrorCallback
 .text.UART_DMAReceiveCplt
                0x000000000800a5f8      0x12c ./Drivers/STM32F4xx_HAL_Driver/Src/stm32f4xx_hal_uart.o
 .text.UART_DMARxHalfCplt
                0x000000000800a724       0x3c ./Drivers/STM32F4xx_HAL_Driver/Src/stm32f4xx_hal_uart.o
 .text.UART_DMAError
                0x000000000800a760       0x94 ./Drivers/STM32F4xx_HAL_Driver/Src/stm32f4xx_hal_uart.o
 .text.UART_WaitOnFlagUntilTimeout
                0x000000000800a7f4       0xb2 ./Drivers/STM32F4xx_HAL_Driver/Src/stm32f4xx_hal_uart.o
 *fill*         0x000000000800a8a6        0x2 
 .text.UART_Start_Receive_DMA
                0x000000000800a8a8      0x134 ./Drivers/STM32F4xx_HAL_Driver/Src/stm32f4xx_hal_uart.o
                0x000000000800a8a8                UART_Start_Receive_DMA
 .text.UART_EndTxTransfer
                0x000000000800a9dc       0x50 ./Drivers/STM32F4xx_HAL_Driver/Src/stm32f4xx_hal_uart.o
 .text.UART_EndRxTransfer
                0x000000000800aa2c       0xc6 ./Drivers/STM32F4xx_HAL_Driver/Src/stm32f4xx_hal_uart.o
 .text.UART_DMAAbortOnError
                0x000000000800aaf2       0x28 ./Drivers/STM32F4xx_HAL_Driver/Src/stm32f4xx_hal_uart.o
 .text.UART_Transmit_IT
                0x000000000800ab1a       0xa0 ./Drivers/STM32F4xx_HAL_Driver/Src/stm32f4xx_hal_uart.o
 .text.UART_EndTransmit_IT
                0x000000000800abba       0x30 ./Drivers/STM32F4xx_HAL_Driver/Src/stm32f4xx_hal_uart.o
 .text.UART_Receive_IT
                0x000000000800abea      0x17c ./Drivers/STM32F4xx_HAL_Driver/Src/stm32f4xx_hal_uart.o
 *fill*         0x000000000800ad66        0x2 
 .text.UART_SetConfig
                0x000000000800ad68      0x4e8 ./Drivers/STM32F4xx_HAL_Driver/Src/stm32f4xx_hal_uart.o
 .text.sys_manager_update
                0x000000000800b250      0x15c ./System/sys_manager.o
 .text.sys_manager_init
                0x000000000800b3ac       0x20 ./System/sys_manager.o
                0x000000000800b3ac                sys_manager_init
 .text.sys_manager_run
                0x000000000800b3cc       0xf8 ./System/sys_manager.o
                0x000000000800b3cc                sys_manager_run
 .text.sys_checking_alarm
                0x000000000800b4c4       0x60 ./System/sys_manager.o
 .text.HAL_UARTEx_RxEventCallback
                0x000000000800b524       0x2c ./System/sys_pc_control.o
                0x000000000800b524                HAL_UARTEx_RxEventCallback
 .text.sys_sound_fsm
                0x000000000800b550       0x80 ./System/sys_sound.o
                0x000000000800b550                sys_sound_fsm
 .text.sys_sound_loop
                0x000000000800b5d0       0x18 ./System/sys_sound.o
                0x000000000800b5d0                sys_sound_loop
 .text.sys_digital_clock_fsm_update
                0x000000000800b5e8       0x4c ./System/system_digital_clock.o
                0x000000000800b5e8                sys_digital_clock_fsm_update
 .text.sys_digital_clock_fsm_action
                0x000000000800b634       0x28 ./System/system_digital_clock.o
                0x000000000800b634                sys_digital_clock_fsm_action
 .text.sys_digital_clock_loop
                0x000000000800b65c       0x1a ./System/system_digital_clock.o
                0x000000000800b65c                sys_digital_clock_loop
 *fill*         0x000000000800b676        0x2 
 .text.sys_display_init
                0x000000000800b678       0x2c ./System/system_display.o
                0x000000000800b678                sys_display_init
 .text.sys_display_music_icon
                0x000000000800b6a4       0x20 ./System/system_display.o
                0x000000000800b6a4                sys_display_music_icon
 .text.sys_display_digital_clock_icon
                0x000000000800b6c4       0x1a ./System/system_display.o
                0x000000000800b6c4                sys_display_digital_clock_icon
 *fill*         0x000000000800b6de        0x2 
 .text.sys_display_set_rtc_icon
                0x000000000800b6e0       0x7c ./System/system_display.o
                0x000000000800b6e0                sys_display_set_rtc_icon
 .text.sys_display_set_alarm_icon
                0x000000000800b75c       0x1a ./System/system_display.o
                0x000000000800b75c                sys_display_set_alarm_icon
 .text.sys_display_digital_clock
                0x000000000800b776       0x12 ./System/system_display.o
                0x000000000800b776                sys_display_digital_clock
 .text.sys_display_set_rtc
                0x000000000800b788       0x12 ./System/system_display.o
                0x000000000800b788                sys_display_set_rtc
 *fill*         0x000000000800b79a        0x2 
 .text.sys_display_set_alarm
                0x000000000800b79c       0x2c ./System/system_display.o
                0x000000000800b79c                sys_display_set_alarm
 .text.sys_display_fft
                0x000000000800b7c8       0x24 ./System/system_display.o
                0x000000000800b7c8                sys_display_fft
 .text.HAL_TIM_PeriodElapsedCallback
                0x000000000800b7ec       0x38 ./System/system_display.o
                0x000000000800b7ec                HAL_TIM_PeriodElapsedCallback
 .text.sys_set_alarm_init
                0x000000000800b824       0x18 ./System/system_set_alarm.o
                0x000000000800b824                sys_set_alarm_init
 .text.sys_set_alarm_fsm_update
                0x000000000800b83c      0x110 ./System/system_set_alarm.o
                0x000000000800b83c                sys_set_alarm_fsm_update
 .text.sys_set_alarm_fsm_action
                0x000000000800b94c       0x7c ./System/system_set_alarm.o
                0x000000000800b94c                sys_set_alarm_fsm_action
 .text.sys_set_alarm_loop
                0x000000000800b9c8       0x1a ./System/system_set_alarm.o
                0x000000000800b9c8                sys_set_alarm_loop
 *fill*         0x000000000800b9e2        0x2 
 .text.sys_set_time_init
                0x000000000800b9e4       0x18 ./System/system_set_time.o
                0x000000000800b9e4                sys_set_time_init
 .text.sys_set_time_fsm_update
                0x000000000800b9fc      0x270 ./System/system_set_time.o
                0x000000000800b9fc                sys_set_time_fsm_update
 .text.sys_set_time_fsm_action
                0x000000000800bc6c      0x1a0 ./System/system_set_time.o
                0x000000000800bc6c                sys_set_time_fsm_action
 .text.sys_set_time_loop
                0x000000000800be0c       0x3c ./System/system_set_time.o
                0x000000000800be0c                sys_set_time_loop
 .text.arm_rfft_32_fast_init_f32
                0x000000000800be48       0x24 ../Middlewares/ST/ARM/DSP/Lib\libarm_cortexM4lf_math.a(arm_rfft_fast_init_f32.o)
 .text.arm_rfft_64_fast_init_f32
                0x000000000800be6c       0x24 ../Middlewares/ST/ARM/DSP/Lib\libarm_cortexM4lf_math.a(arm_rfft_fast_init_f32.o)
 .text.arm_rfft_128_fast_init_f32
                0x000000000800be90       0x24 ../Middlewares/ST/ARM/DSP/Lib\libarm_cortexM4lf_math.a(arm_rfft_fast_init_f32.o)
 .text.arm_rfft_256_fast_init_f32
                0x000000000800beb4       0x24 ../Middlewares/ST/ARM/DSP/Lib\libarm_cortexM4lf_math.a(arm_rfft_fast_init_f32.o)
 .text.arm_rfft_512_fast_init_f32
                0x000000000800bed8       0x28 ../Middlewares/ST/ARM/DSP/Lib\libarm_cortexM4lf_math.a(arm_rfft_fast_init_f32.o)
 .text.arm_rfft_1024_fast_init_f32
                0x000000000800bf00       0x28 ../Middlewares/ST/ARM/DSP/Lib\libarm_cortexM4lf_math.a(arm_rfft_fast_init_f32.o)
 .text.arm_rfft_2048_fast_init_f32
                0x000000000800bf28       0x28 ../Middlewares/ST/ARM/DSP/Lib\libarm_cortexM4lf_math.a(arm_rfft_fast_init_f32.o)
 .text.arm_rfft_4096_fast_init_f32
                0x000000000800bf50       0x28 ../Middlewares/ST/ARM/DSP/Lib\libarm_cortexM4lf_math.a(arm_rfft_fast_init_f32.o)
 .text.arm_rfft_fast_init_f32
                0x000000000800bf78       0x74 ../Middlewares/ST/ARM/DSP/Lib\libarm_cortexM4lf_math.a(arm_rfft_fast_init_f32.o)
                0x000000000800bf78                arm_rfft_fast_init_f32
 .text.stage_rfft_f32
                0x000000000800bfec       0xb4 ../Middlewares/ST/ARM/DSP/Lib\libarm_cortexM4lf_math.a(arm_rfft_fast_f32.o)
                0x000000000800bfec                stage_rfft_f32
 .text.merge_rfft_f32
                0x000000000800c0a0       0xac ../Middlewares/ST/ARM/DSP/Lib\libarm_cortexM4lf_math.a(arm_rfft_fast_f32.o)
                0x000000000800c0a0                merge_rfft_f32
 .text.arm_rfft_fast_f32
                0x000000000800c14c       0x38 ../Middlewares/ST/ARM/DSP/Lib\libarm_cortexM4lf_math.a(arm_rfft_fast_f32.o)
                0x000000000800c14c                arm_rfft_fast_f32
 .text.arm_cfft_radix8by2_f32
                0x000000000800c184      0x1a4 ../Middlewares/ST/ARM/DSP/Lib\libarm_cortexM4lf_math.a(arm_cfft_f32.o)
                0x000000000800c184                arm_cfft_radix8by2_f32
 .text.arm_cfft_radix8by4_f32
                0x000000000800c328      0x4ac ../Middlewares/ST/ARM/DSP/Lib\libarm_cortexM4lf_math.a(arm_cfft_f32.o)
                0x000000000800c328                arm_cfft_radix8by4_f32
 .text.arm_cfft_f32
                0x000000000800c7d4       0xf0 ../Middlewares/ST/ARM/DSP/Lib\libarm_cortexM4lf_math.a(arm_cfft_f32.o)
                0x000000000800c7d4                arm_cfft_f32
 .text.arm_bitreversal_32
                0x000000000800c8c4       0x40 ../Middlewares/ST/ARM/DSP/Lib\libarm_cortexM4lf_math.a(arm_bitreversal2.o)
                0x000000000800c8c4                arm_bitreversal_32
 .text.arm_cmplx_mag_f32
                0x000000000800c904      0x248 ../Middlewares/ST/ARM/DSP/Lib\libarm_cortexM4lf_math.a(arm_cmplx_mag_f32.o)
                0x000000000800c904                arm_cmplx_mag_f32
 .text.arm_cfft_init_f32
                0x000000000800cb4c       0xa4 ../Middlewares/ST/ARM/DSP/Lib\libarm_cortexM4lf_math.a(arm_cfft_init_f32.o)
                0x000000000800cb4c                arm_cfft_init_f32
 .text.arm_radix8_butterfly_f32
                0x000000000800cbf0      0x598 ../Middlewares/ST/ARM/DSP/Lib\libarm_cortexM4lf_math.a(arm_cfft_radix8_f32.o)
                0x000000000800cbf0                arm_radix8_butterfly_f32
 .text.snprintf
                0x000000000800d188       0x68 C:/ST/STM32CubeIDE_1.13.1/STM32CubeIDE/plugins/com.st.stm32cube.ide.mcu.externaltools.gnu-tools-for-stm32.11.3.rel1.win32_1.1.0.202305231506/tools/bin/../lib/gcc/arm-none-eabi/11.3.1/../../../../arm-none-eabi/lib/thumb/v7e-m+fp/hard\libc_nano.a(libc_a-snprintf.o)
                0x000000000800d188                sniprintf
                0x000000000800d188                snprintf
 .text.sprintf  0x000000000800d1f0       0x40 C:/ST/STM32CubeIDE_1.13.1/STM32CubeIDE/plugins/com.st.stm32cube.ide.mcu.externaltools.gnu-tools-for-stm32.11.3.rel1.win32_1.1.0.202305231506/tools/bin/../lib/gcc/arm-none-eabi/11.3.1/../../../../arm-none-eabi/lib/thumb/v7e-m+fp/hard\libc_nano.a(libc_a-sprintf.o)
                0x000000000800d1f0                siprintf
                0x000000000800d1f0                sprintf
 .text.memset   0x000000000800d230       0x10 C:/ST/STM32CubeIDE_1.13.1/STM32CubeIDE/plugins/com.st.stm32cube.ide.mcu.externaltools.gnu-tools-for-stm32.11.3.rel1.win32_1.1.0.202305231506/tools/bin/../lib/gcc/arm-none-eabi/11.3.1/../../../../arm-none-eabi/lib/thumb/v7e-m+fp/hard\libc_nano.a(libc_a-memset.o)
                0x000000000800d230                memset
 .text.strncmp  0x000000000800d240       0x24 C:/ST/STM32CubeIDE_1.13.1/STM32CubeIDE/plugins/com.st.stm32cube.ide.mcu.externaltools.gnu-tools-for-stm32.11.3.rel1.win32_1.1.0.202305231506/tools/bin/../lib/gcc/arm-none-eabi/11.3.1/../../../../arm-none-eabi/lib/thumb/v7e-m+fp/hard\libc_nano.a(libc_a-strncmp.o)
                0x000000000800d240                strncmp
 .text.__errno  0x000000000800d264        0xc C:/ST/STM32CubeIDE_1.13.1/STM32CubeIDE/plugins/com.st.stm32cube.ide.mcu.externaltools.gnu-tools-for-stm32.11.3.rel1.win32_1.1.0.202305231506/tools/bin/../lib/gcc/arm-none-eabi/11.3.1/../../../../arm-none-eabi/lib/thumb/v7e-m+fp/hard\libc_nano.a(libc_a-errno.o)
                0x000000000800d264                __errno
 .text.__libc_init_array
                0x000000000800d270       0x48 C:/ST/STM32CubeIDE_1.13.1/STM32CubeIDE/plugins/com.st.stm32cube.ide.mcu.externaltools.gnu-tools-for-stm32.11.3.rel1.win32_1.1.0.202305231506/tools/bin/../lib/gcc/arm-none-eabi/11.3.1/../../../../arm-none-eabi/lib/thumb/v7e-m+fp/hard\libc_nano.a(libc_a-init.o)
                0x000000000800d270                __libc_init_array
 .text.__retarget_lock_acquire_recursive
                0x000000000800d2b8        0x2 C:/ST/STM32CubeIDE_1.13.1/STM32CubeIDE/plugins/com.st.stm32cube.ide.mcu.externaltools.gnu-tools-for-stm32.11.3.rel1.win32_1.1.0.202305231506/tools/bin/../lib/gcc/arm-none-eabi/11.3.1/../../../../arm-none-eabi/lib/thumb/v7e-m+fp/hard\libc_nano.a(libc_a-lock.o)
                0x000000000800d2b8                __retarget_lock_acquire_recursive
 .text.__retarget_lock_release_recursive
                0x000000000800d2ba        0x2 C:/ST/STM32CubeIDE_1.13.1/STM32CubeIDE/plugins/com.st.stm32cube.ide.mcu.externaltools.gnu-tools-for-stm32.11.3.rel1.win32_1.1.0.202305231506/tools/bin/../lib/gcc/arm-none-eabi/11.3.1/../../../../arm-none-eabi/lib/thumb/v7e-m+fp/hard\libc_nano.a(libc_a-lock.o)
                0x000000000800d2ba                __retarget_lock_release_recursive
 .text._free_r  0x000000000800d2bc       0x98 C:/ST/STM32CubeIDE_1.13.1/STM32CubeIDE/plugins/com.st.stm32cube.ide.mcu.externaltools.gnu-tools-for-stm32.11.3.rel1.win32_1.1.0.202305231506/tools/bin/../lib/gcc/arm-none-eabi/11.3.1/../../../../arm-none-eabi/lib/thumb/v7e-m+fp/hard\libc_nano.a(libc_a-freer.o)
                0x000000000800d2bc                _free_r
 .text.sbrk_aligned
                0x000000000800d354       0x40 C:/ST/STM32CubeIDE_1.13.1/STM32CubeIDE/plugins/com.st.stm32cube.ide.mcu.externaltools.gnu-tools-for-stm32.11.3.rel1.win32_1.1.0.202305231506/tools/bin/../lib/gcc/arm-none-eabi/11.3.1/../../../../arm-none-eabi/lib/thumb/v7e-m+fp/hard\libc_nano.a(libc_a-mallocr.o)
 .text._malloc_r
                0x000000000800d394      0x100 C:/ST/STM32CubeIDE_1.13.1/STM32CubeIDE/plugins/com.st.stm32cube.ide.mcu.externaltools.gnu-tools-for-stm32.11.3.rel1.win32_1.1.0.202305231506/tools/bin/../lib/gcc/arm-none-eabi/11.3.1/../../../../arm-none-eabi/lib/thumb/v7e-m+fp/hard\libc_nano.a(libc_a-mallocr.o)
                0x000000000800d394                _malloc_r
 .text.__malloc_lock
                0x000000000800d494        0xc C:/ST/STM32CubeIDE_1.13.1/STM32CubeIDE/plugins/com.st.stm32cube.ide.mcu.externaltools.gnu-tools-for-stm32.11.3.rel1.win32_1.1.0.202305231506/tools/bin/../lib/gcc/arm-none-eabi/11.3.1/../../../../arm-none-eabi/lib/thumb/v7e-m+fp/hard\libc_nano.a(libc_a-mlock.o)
                0x000000000800d494                __malloc_lock
 .text.__malloc_unlock
                0x000000000800d4a0        0xc C:/ST/STM32CubeIDE_1.13.1/STM32CubeIDE/plugins/com.st.stm32cube.ide.mcu.externaltools.gnu-tools-for-stm32.11.3.rel1.win32_1.1.0.202305231506/tools/bin/../lib/gcc/arm-none-eabi/11.3.1/../../../../arm-none-eabi/lib/thumb/v7e-m+fp/hard\libc_nano.a(libc_a-mlock.o)
                0x000000000800d4a0                __malloc_unlock
 .text.__ssputs_r
                0x000000000800d4ac       0xb4 C:/ST/STM32CubeIDE_1.13.1/STM32CubeIDE/plugins/com.st.stm32cube.ide.mcu.externaltools.gnu-tools-for-stm32.11.3.rel1.win32_1.1.0.202305231506/tools/bin/../lib/gcc/arm-none-eabi/11.3.1/../../../../arm-none-eabi/lib/thumb/v7e-m+fp/hard\libc_nano.a(libc_a-nano-svfprintf.o)
                0x000000000800d4ac                __ssputs_r
 .text._svfprintf_r
                0x000000000800d560      0x1fc C:/ST/STM32CubeIDE_1.13.1/STM32CubeIDE/plugins/com.st.stm32cube.ide.mcu.externaltools.gnu-tools-for-stm32.11.3.rel1.win32_1.1.0.202305231506/tools/bin/../lib/gcc/arm-none-eabi/11.3.1/../../../../arm-none-eabi/lib/thumb/v7e-m+fp/hard\libc_nano.a(libc_a-nano-svfprintf.o)
                0x000000000800d560                _svfiprintf_r
                0x000000000800d560                _svfprintf_r
 .text._printf_common
                0x000000000800d75c       0xda C:/ST/STM32CubeIDE_1.13.1/STM32CubeIDE/plugins/com.st.stm32cube.ide.mcu.externaltools.gnu-tools-for-stm32.11.3.rel1.win32_1.1.0.202305231506/tools/bin/../lib/gcc/arm-none-eabi/11.3.1/../../../../arm-none-eabi/lib/thumb/v7e-m+fp/hard\libc_nano.a(libc_a-nano-vfprintf_i.o)
                0x000000000800d75c                _printf_common
 *fill*         0x000000000800d836        0x2 
 .text._printf_i
                0x000000000800d838      0x244 C:/ST/STM32CubeIDE_1.13.1/STM32CubeIDE/plugins/com.st.stm32cube.ide.mcu.externaltools.gnu-tools-for-stm32.11.3.rel1.win32_1.1.0.202305231506/tools/bin/../lib/gcc/arm-none-eabi/11.3.1/../../../../arm-none-eabi/lib/thumb/v7e-m+fp/hard\libc_nano.a(libc_a-nano-vfprintf_i.o)
                0x000000000800d838                _printf_i
 .text.memmove  0x000000000800da7c       0x34 C:/ST/STM32CubeIDE_1.13.1/STM32CubeIDE/plugins/com.st.stm32cube.ide.mcu.externaltools.gnu-tools-for-stm32.11.3.rel1.win32_1.1.0.202305231506/tools/bin/../lib/gcc/arm-none-eabi/11.3.1/../../../../arm-none-eabi/lib/thumb/v7e-m+fp/hard\libc_nano.a(libc_a-memmove.o)
                0x000000000800da7c                memmove
 .text._sbrk_r  0x000000000800dab0       0x20 C:/ST/STM32CubeIDE_1.13.1/STM32CubeIDE/plugins/com.st.stm32cube.ide.mcu.externaltools.gnu-tools-for-stm32.11.3.rel1.win32_1.1.0.202305231506/tools/bin/../lib/gcc/arm-none-eabi/11.3.1/../../../../arm-none-eabi/lib/thumb/v7e-m+fp/hard\libc_nano.a(libc_a-sbrkr.o)
                0x000000000800dab0                _sbrk_r
 .text.memcpy   0x000000000800dad0       0x1c C:/ST/STM32CubeIDE_1.13.1/STM32CubeIDE/plugins/com.st.stm32cube.ide.mcu.externaltools.gnu-tools-for-stm32.11.3.rel1.win32_1.1.0.202305231506/tools/bin/../lib/gcc/arm-none-eabi/11.3.1/../../../../arm-none-eabi/lib/thumb/v7e-m+fp/hard\libc_nano.a(libc_a-memcpy-stub.o)
                0x000000000800dad0                memcpy
 .text._realloc_r
                0x000000000800daec       0x5e C:/ST/STM32CubeIDE_1.13.1/STM32CubeIDE/plugins/com.st.stm32cube.ide.mcu.externaltools.gnu-tools-for-stm32.11.3.rel1.win32_1.1.0.202305231506/tools/bin/../lib/gcc/arm-none-eabi/11.3.1/../../../../arm-none-eabi/lib/thumb/v7e-m+fp/hard\libc_nano.a(libc_a-reallocr.o)
                0x000000000800daec                _realloc_r
 .text._malloc_usable_size_r
                0x000000000800db4a       0x10 C:/ST/STM32CubeIDE_1.13.1/STM32CubeIDE/plugins/com.st.stm32cube.ide.mcu.externaltools.gnu-tools-for-stm32.11.3.rel1.win32_1.1.0.202305231506/tools/bin/../lib/gcc/arm-none-eabi/11.3.1/../../../../arm-none-eabi/lib/thumb/v7e-m+fp/hard\libc_nano.a(libc_a-msizer.o)
                0x000000000800db4a                _malloc_usable_size_r
 *fill*         0x000000000800db5a        0x2 
 .text.sqrtf    0x000000000800db5c       0x3c C:/ST/STM32CubeIDE_1.13.1/STM32CubeIDE/plugins/com.st.stm32cube.ide.mcu.externaltools.gnu-tools-for-stm32.11.3.rel1.win32_1.1.0.202305231506/tools/bin/../lib/gcc/arm-none-eabi/11.3.1/../../../../arm-none-eabi/lib/thumb/v7e-m+fp/hard\libm.a(libm_a-wf_sqrt.o)
                0x000000000800db5c                sqrtf
 .text.__ieee754_sqrtf
                0x000000000800db98        0x6 C:/ST/STM32CubeIDE_1.13.1/STM32CubeIDE/plugins/com.st.stm32cube.ide.mcu.externaltools.gnu-tools-for-stm32.11.3.rel1.win32_1.1.0.202305231506/tools/bin/../lib/gcc/arm-none-eabi/11.3.1/../../../../arm-none-eabi/lib/thumb/v7e-m+fp/hard\libm.a(libm_a-ef_sqrt.o)
                0x000000000800db98                __ieee754_sqrtf
 *(.glue_7)
 .glue_7        0x000000000800db9e        0x0 linker stubs
 *(.glue_7t)
 .glue_7t       0x000000000800db9e        0x0 linker stubs
 *(.eh_frame)
 *fill*         0x000000000800db9e        0x2 
 .eh_frame      0x000000000800dba0        0x0 C:/ST/STM32CubeIDE_1.13.1/STM32CubeIDE/plugins/com.st.stm32cube.ide.mcu.externaltools.gnu-tools-for-stm32.11.3.rel1.win32_1.1.0.202305231506/tools/bin/../lib/gcc/arm-none-eabi/11.3.1/thumb/v7e-m+fp/hard/crtbegin.o
 *(.init)
 .init          0x000000000800dba0        0x4 C:/ST/STM32CubeIDE_1.13.1/STM32CubeIDE/plugins/com.st.stm32cube.ide.mcu.externaltools.gnu-tools-for-stm32.11.3.rel1.win32_1.1.0.202305231506/tools/bin/../lib/gcc/arm-none-eabi/11.3.1/thumb/v7e-m+fp/hard/crti.o
                0x000000000800dba0                _init
 .init          0x000000000800dba4        0x8 C:/ST/STM32CubeIDE_1.13.1/STM32CubeIDE/plugins/com.st.stm32cube.ide.mcu.externaltools.gnu-tools-for-stm32.11.3.rel1.win32_1.1.0.202305231506/tools/bin/../lib/gcc/arm-none-eabi/11.3.1/thumb/v7e-m+fp/hard/crtn.o
 *(.fini)
 .fini          0x000000000800dbac        0x4 C:/ST/STM32CubeIDE_1.13.1/STM32CubeIDE/plugins/com.st.stm32cube.ide.mcu.externaltools.gnu-tools-for-stm32.11.3.rel1.win32_1.1.0.202305231506/tools/bin/../lib/gcc/arm-none-eabi/11.3.1/thumb/v7e-m+fp/hard/crti.o
                0x000000000800dbac                _fini
 .fini          0x000000000800dbb0        0x8 C:/ST/STM32CubeIDE_1.13.1/STM32CubeIDE/plugins/com.st.stm32cube.ide.mcu.externaltools.gnu-tools-for-stm32.11.3.rel1.win32_1.1.0.202305231506/tools/bin/../lib/gcc/arm-none-eabi/11.3.1/thumb/v7e-m+fp/hard/crtn.o
                0x000000000800dbb8                . = ALIGN (0x4)
                0x000000000800dbb8                _etext = .

.vfp11_veneer   0x000000000800dbb8        0x0
 .vfp11_veneer  0x000000000800dbb8        0x0 linker stubs

.v4_bx          0x000000000800dbb8        0x0
 .v4_bx         0x000000000800dbb8        0x0 linker stubs

.iplt           0x000000000800dbb8        0x0
 .iplt          0x000000000800dbb8        0x0 C:/ST/STM32CubeIDE_1.13.1/STM32CubeIDE/plugins/com.st.stm32cube.ide.mcu.externaltools.gnu-tools-for-stm32.11.3.rel1.win32_1.1.0.202305231506/tools/bin/../lib/gcc/arm-none-eabi/11.3.1/thumb/v7e-m+fp/hard/crtbegin.o

.rodata         0x000000000800dbb8    0x1e188
                0x000000000800dbb8                . = ALIGN (0x4)
 *(.rodata)
 .rodata        0x000000000800dbb8       0x1b ./BSP/bsp_uart.o
 *fill*         0x000000000800dbd3        0x1 
 .rodata        0x000000000800dbd4       0x1a ./Driver/drv_matrix_led.o
 *fill*         0x000000000800dbee        0x2 
 .rodata        0x000000000800dbf0       0xc6 ./Driver/drv_uart_mn_rec_data.o
 *fill*         0x000000000800dcb6        0x2 
 .rodata        0x000000000800dcb8       0x6e ./Driver/uart_respond_fsm.o
 *fill*         0x000000000800dd26        0x2 
 .rodata        0x000000000800dd28        0xb ./System/system_display.o
 *(.rodata*)
 *fill*         0x000000000800dd33        0x1 
 .rodata.AHBPrescTable
                0x000000000800dd34       0x10 ./Core/Src/system_stm32f4xx.o
                0x000000000800dd34                AHBPrescTable
 .rodata.APBPrescTable
                0x000000000800dd44        0x8 ./Core/Src/system_stm32f4xx.o
                0x000000000800dd44                APBPrescTable
 .rodata.colors
                0x000000000800dd4c       0x30 ./Driver/fft_handle.o
                0x000000000800dd4c                colors
 .rodata.flagBitshiftOffset.0
                0x000000000800dd7c        0x8 ./Drivers/STM32F4xx_HAL_Driver/Src/stm32f4xx_hal_dma.o
 .rodata.number_patterns
                0x000000000800dd84       0x96 ./Middleware/frame.o
                0x000000000800dd84                number_patterns
 *fill*         0x000000000800de1a        0x2 
 .rodata.letter_patterns
                0x000000000800de1c      0x186 ./Middleware/frame.o
                0x000000000800de1c                letter_patterns
 *fill*         0x000000000800dfa2        0x2 
 .rodata.alarm_clock_icon
                0x000000000800dfa4      0x300 ./Middleware/frame.o
                0x000000000800dfa4                alarm_clock_icon
 .rodata.clock_icon
                0x000000000800e2a4      0x300 ./Middleware/frame.o
                0x000000000800e2a4                clock_icon
 .rodata.music_note_icon
                0x000000000800e5a4      0x300 ./Middleware/frame.o
                0x000000000800e5a4                music_note_icon
 .rodata.armBitRevIndexTable1024
                0x000000000800e8a4      0xe10 ../Middlewares/ST/ARM/DSP/Lib\libarm_cortexM4lf_math.a(arm_common_tables.o)
                0x000000000800e8a4                armBitRevIndexTable1024
 .rodata.armBitRevIndexTable128
                0x000000000800f6b4      0x1a0 ../Middlewares/ST/ARM/DSP/Lib\libarm_cortexM4lf_math.a(arm_common_tables.o)
                0x000000000800f6b4                armBitRevIndexTable128
 .rodata.armBitRevIndexTable16
                0x000000000800f854       0x28 ../Middlewares/ST/ARM/DSP/Lib\libarm_cortexM4lf_math.a(arm_common_tables.o)
                0x000000000800f854                armBitRevIndexTable16
 .rodata.armBitRevIndexTable2048
                0x000000000800f87c     0x1dc0 ../Middlewares/ST/ARM/DSP/Lib\libarm_cortexM4lf_math.a(arm_common_tables.o)
                0x000000000800f87c                armBitRevIndexTable2048
 .rodata.armBitRevIndexTable256
                0x000000000801163c      0x370 ../Middlewares/ST/ARM/DSP/Lib\libarm_cortexM4lf_math.a(arm_common_tables.o)
                0x000000000801163c                armBitRevIndexTable256
 .rodata.armBitRevIndexTable32
                0x00000000080119ac       0x60 ../Middlewares/ST/ARM/DSP/Lib\libarm_cortexM4lf_math.a(arm_common_tables.o)
                0x00000000080119ac                armBitRevIndexTable32
 .rodata.armBitRevIndexTable4096
                0x0000000008011a0c     0x1f80 ../Middlewares/ST/ARM/DSP/Lib\libarm_cortexM4lf_math.a(arm_common_tables.o)
                0x0000000008011a0c                armBitRevIndexTable4096
 .rodata.armBitRevIndexTable512
                0x000000000801398c      0x380 ../Middlewares/ST/ARM/DSP/Lib\libarm_cortexM4lf_math.a(arm_common_tables.o)
                0x000000000801398c                armBitRevIndexTable512
 .rodata.armBitRevIndexTable64
                0x0000000008013d0c       0x70 ../Middlewares/ST/ARM/DSP/Lib\libarm_cortexM4lf_math.a(arm_common_tables.o)
                0x0000000008013d0c                armBitRevIndexTable64
 .rodata.twiddleCoef_1024
                0x0000000008013d7c     0x2000 ../Middlewares/ST/ARM/DSP/Lib\libarm_cortexM4lf_math.a(arm_common_tables.o)
                0x0000000008013d7c                twiddleCoef_1024
 .rodata.twiddleCoef_128
                0x0000000008015d7c      0x400 ../Middlewares/ST/ARM/DSP/Lib\libarm_cortexM4lf_math.a(arm_common_tables.o)
                0x0000000008015d7c                twiddleCoef_128
 .rodata.twiddleCoef_16
                0x000000000801617c       0x80 ../Middlewares/ST/ARM/DSP/Lib\libarm_cortexM4lf_math.a(arm_common_tables.o)
                0x000000000801617c                twiddleCoef_16
 .rodata.twiddleCoef_2048
                0x00000000080161fc     0x4000 ../Middlewares/ST/ARM/DSP/Lib\libarm_cortexM4lf_math.a(arm_common_tables.o)
                0x00000000080161fc                twiddleCoef_2048
 .rodata.twiddleCoef_256
                0x000000000801a1fc      0x800 ../Middlewares/ST/ARM/DSP/Lib\libarm_cortexM4lf_math.a(arm_common_tables.o)
                0x000000000801a1fc                twiddleCoef_256
 .rodata.twiddleCoef_32
                0x000000000801a9fc      0x100 ../Middlewares/ST/ARM/DSP/Lib\libarm_cortexM4lf_math.a(arm_common_tables.o)
                0x000000000801a9fc                twiddleCoef_32
 .rodata.twiddleCoef_4096
                0x000000000801aafc     0x8000 ../Middlewares/ST/ARM/DSP/Lib\libarm_cortexM4lf_math.a(arm_common_tables.o)
                0x000000000801aafc                twiddleCoef_4096
 .rodata.twiddleCoef_512
                0x0000000008022afc     0x1000 ../Middlewares/ST/ARM/DSP/Lib\libarm_cortexM4lf_math.a(arm_common_tables.o)
                0x0000000008022afc                twiddleCoef_512
 .rodata.twiddleCoef_64
                0x0000000008023afc      0x200 ../Middlewares/ST/ARM/DSP/Lib\libarm_cortexM4lf_math.a(arm_common_tables.o)
                0x0000000008023afc                twiddleCoef_64
 .rodata.twiddleCoef_rfft_1024
                0x0000000008023cfc     0x1000 ../Middlewares/ST/ARM/DSP/Lib\libarm_cortexM4lf_math.a(arm_common_tables.o)
                0x0000000008023cfc                twiddleCoef_rfft_1024
 .rodata.twiddleCoef_rfft_128
                0x0000000008024cfc      0x200 ../Middlewares/ST/ARM/DSP/Lib\libarm_cortexM4lf_math.a(arm_common_tables.o)
                0x0000000008024cfc                twiddleCoef_rfft_128
 .rodata.twiddleCoef_rfft_2048
                0x0000000008024efc     0x2000 ../Middlewares/ST/ARM/DSP/Lib\libarm_cortexM4lf_math.a(arm_common_tables.o)
                0x0000000008024efc                twiddleCoef_rfft_2048
 .rodata.twiddleCoef_rfft_256
                0x0000000008026efc      0x400 ../Middlewares/ST/ARM/DSP/Lib\libarm_cortexM4lf_math.a(arm_common_tables.o)
                0x0000000008026efc                twiddleCoef_rfft_256
 .rodata.twiddleCoef_rfft_32
                0x00000000080272fc       0x80 ../Middlewares/ST/ARM/DSP/Lib\libarm_cortexM4lf_math.a(arm_common_tables.o)
                0x00000000080272fc                twiddleCoef_rfft_32
 .rodata.twiddleCoef_rfft_4096
                0x000000000802737c     0x4000 ../Middlewares/ST/ARM/DSP/Lib\libarm_cortexM4lf_math.a(arm_common_tables.o)
                0x000000000802737c                twiddleCoef_rfft_4096
 .rodata.twiddleCoef_rfft_512
                0x000000000802b37c      0x800 ../Middlewares/ST/ARM/DSP/Lib\libarm_cortexM4lf_math.a(arm_common_tables.o)
                0x000000000802b37c                twiddleCoef_rfft_512
 .rodata.twiddleCoef_rfft_64
                0x000000000802bb7c      0x100 ../Middlewares/ST/ARM/DSP/Lib\libarm_cortexM4lf_math.a(arm_common_tables.o)
                0x000000000802bb7c                twiddleCoef_rfft_64
 .rodata.arm_cfft_sR_f32_len1024
                0x000000000802bc7c       0x10 ../Middlewares/ST/ARM/DSP/Lib\libarm_cortexM4lf_math.a(arm_const_structs.o)
                0x000000000802bc7c                arm_cfft_sR_f32_len1024
 .rodata.arm_cfft_sR_f32_len128
                0x000000000802bc8c       0x10 ../Middlewares/ST/ARM/DSP/Lib\libarm_cortexM4lf_math.a(arm_const_structs.o)
                0x000000000802bc8c                arm_cfft_sR_f32_len128
 .rodata.arm_cfft_sR_f32_len16
                0x000000000802bc9c       0x10 ../Middlewares/ST/ARM/DSP/Lib\libarm_cortexM4lf_math.a(arm_const_structs.o)
                0x000000000802bc9c                arm_cfft_sR_f32_len16
 .rodata.arm_cfft_sR_f32_len2048
                0x000000000802bcac       0x10 ../Middlewares/ST/ARM/DSP/Lib\libarm_cortexM4lf_math.a(arm_const_structs.o)
                0x000000000802bcac                arm_cfft_sR_f32_len2048
 .rodata.arm_cfft_sR_f32_len256
                0x000000000802bcbc       0x10 ../Middlewares/ST/ARM/DSP/Lib\libarm_cortexM4lf_math.a(arm_const_structs.o)
                0x000000000802bcbc                arm_cfft_sR_f32_len256
 .rodata.arm_cfft_sR_f32_len32
                0x000000000802bccc       0x10 ../Middlewares/ST/ARM/DSP/Lib\libarm_cortexM4lf_math.a(arm_const_structs.o)
                0x000000000802bccc                arm_cfft_sR_f32_len32
 .rodata.arm_cfft_sR_f32_len4096
                0x000000000802bcdc       0x10 ../Middlewares/ST/ARM/DSP/Lib\libarm_cortexM4lf_math.a(arm_const_structs.o)
                0x000000000802bcdc                arm_cfft_sR_f32_len4096
 .rodata.arm_cfft_sR_f32_len512
                0x000000000802bcec       0x10 ../Middlewares/ST/ARM/DSP/Lib\libarm_cortexM4lf_math.a(arm_const_structs.o)
                0x000000000802bcec                arm_cfft_sR_f32_len512
 .rodata.arm_cfft_sR_f32_len64
                0x000000000802bcfc       0x10 ../Middlewares/ST/ARM/DSP/Lib\libarm_cortexM4lf_math.a(arm_const_structs.o)
                0x000000000802bcfc                arm_cfft_sR_f32_len64
 .rodata._svfprintf_r.str1.1
                0x000000000802bd0c       0x11 C:/ST/STM32CubeIDE_1.13.1/STM32CubeIDE/plugins/com.st.stm32cube.ide.mcu.externaltools.gnu-tools-for-stm32.11.3.rel1.win32_1.1.0.202305231506/tools/bin/../lib/gcc/arm-none-eabi/11.3.1/../../../../arm-none-eabi/lib/thumb/v7e-m+fp/hard\libc_nano.a(libc_a-nano-svfprintf.o)
 .rodata._printf_i.str1.1
                0x000000000802bd1d       0x22 C:/ST/STM32CubeIDE_1.13.1/STM32CubeIDE/plugins/com.st.stm32cube.ide.mcu.externaltools.gnu-tools-for-stm32.11.3.rel1.win32_1.1.0.202305231506/tools/bin/../lib/gcc/arm-none-eabi/11.3.1/../../../../arm-none-eabi/lib/thumb/v7e-m+fp/hard\libc_nano.a(libc_a-nano-vfprintf_i.o)
                0x000000000802bd40                . = ALIGN (0x4)
 *fill*         0x000000000802bd3f        0x1 

.ARM.extab      0x000000000802bd40        0x0
                0x000000000802bd40                . = ALIGN (0x4)
 *(.ARM.extab* .gnu.linkonce.armextab.*)
                0x000000000802bd40                . = ALIGN (0x4)

.ARM            0x000000000802bd40        0x8
                0x000000000802bd40                . = ALIGN (0x4)
                0x000000000802bd40                __exidx_start = .
 *(.ARM.exidx*)
 .ARM.exidx     0x000000000802bd40        0x8 C:/ST/STM32CubeIDE_1.13.1/STM32CubeIDE/plugins/com.st.stm32cube.ide.mcu.externaltools.gnu-tools-for-stm32.11.3.rel1.win32_1.1.0.202305231506/tools/bin/../lib/gcc/arm-none-eabi/11.3.1/thumb/v7e-m+fp/hard\libgcc.a(_udivmoddi4.o)
                0x000000000802bd48                __exidx_end = .
                0x000000000802bd48                . = ALIGN (0x4)

.preinit_array  0x000000000802bd48        0x0
                0x000000000802bd48                . = ALIGN (0x4)
                0x000000000802bd48                PROVIDE (__preinit_array_start = .)
 *(.preinit_array*)
                0x000000000802bd48                PROVIDE (__preinit_array_end = .)
                0x000000000802bd48                . = ALIGN (0x4)

.init_array     0x000000000802bd48        0x4
                0x000000000802bd48                . = ALIGN (0x4)
                0x000000000802bd48                PROVIDE (__init_array_start = .)
 *(SORT_BY_NAME(.init_array.*))
 *(.init_array*)
 .init_array    0x000000000802bd48        0x4 C:/ST/STM32CubeIDE_1.13.1/STM32CubeIDE/plugins/com.st.stm32cube.ide.mcu.externaltools.gnu-tools-for-stm32.11.3.rel1.win32_1.1.0.202305231506/tools/bin/../lib/gcc/arm-none-eabi/11.3.1/thumb/v7e-m+fp/hard/crtbegin.o
                0x000000000802bd4c                PROVIDE (__init_array_end = .)
                0x000000000802bd4c                . = ALIGN (0x4)

.fini_array     0x000000000802bd4c        0x4
                0x000000000802bd4c                . = ALIGN (0x4)
                [!provide]                        PROVIDE (__fini_array_start = .)
 *(SORT_BY_NAME(.fini_array.*))
 *(.fini_array*)
 .fini_array    0x000000000802bd4c        0x4 C:/ST/STM32CubeIDE_1.13.1/STM32CubeIDE/plugins/com.st.stm32cube.ide.mcu.externaltools.gnu-tools-for-stm32.11.3.rel1.win32_1.1.0.202305231506/tools/bin/../lib/gcc/arm-none-eabi/11.3.1/thumb/v7e-m+fp/hard/crtbegin.o
                [!provide]                        PROVIDE (__fini_array_end = .)
                0x000000000802bd50                . = ALIGN (0x4)
                0x000000000802bd50                _sidata = LOADADDR (.data)

.rel.dyn        0x000000000802bd50        0x0
 .rel.iplt      0x000000000802bd50        0x0 C:/ST/STM32CubeIDE_1.13.1/STM32CubeIDE/plugins/com.st.stm32cube.ide.mcu.externaltools.gnu-tools-for-stm32.11.3.rel1.win32_1.1.0.202305231506/tools/bin/../lib/gcc/arm-none-eabi/11.3.1/thumb/v7e-m+fp/hard/crtbegin.o

.data           0x0000000020000000       0x68 load address 0x000000000802bd50
                0x0000000020000000                . = ALIGN (0x4)
                0x0000000020000000                _sdata = .
 *(.data)
 *(.data*)
 .data.SystemCoreClock
                0x0000000020000000        0x4 ./Core/Src/system_stm32f4xx.o
                0x0000000020000000                SystemCoreClock
 .data.set_time_date
                0x0000000020000004        0x1 ./Driver/drv_matrix_led.o
 .data.set_time_month
                0x0000000020000005        0x1 ./Driver/drv_matrix_led.o
 .data.set_time_year
                0x0000000020000006        0x1 ./Driver/drv_matrix_led.o
 .data.current_alarm_index
                0x0000000020000007        0x1 ./Driver/drv_matrix_led.o
 .data.alarm_count
                0x0000000020000008        0x1 ./Driver/drv_uart_mn_rec_data.o
 *fill*         0x0000000020000009        0x3 
 .data.uwTickPrio
                0x000000002000000c        0x4 ./Drivers/STM32F4xx_HAL_Driver/Src/stm32f4xx_hal.o
                0x000000002000000c                uwTickPrio
 .data.uwTickFreq
                0x0000000020000010        0x1 ./Drivers/STM32F4xx_HAL_Driver/Src/stm32f4xx_hal.o
                0x0000000020000010                uwTickFreq
 .data.s_system_state
                0x0000000020000011        0x1 ./System/sys_manager.o
 *fill*         0x0000000020000012        0x2 
 .data.do_convert_fft_flag
                0x0000000020000014        0x4 ./System/system_display.o
 .data._impure_data
                0x0000000020000018       0x4c C:/ST/STM32CubeIDE_1.13.1/STM32CubeIDE/plugins/com.st.stm32cube.ide.mcu.externaltools.gnu-tools-for-stm32.11.3.rel1.win32_1.1.0.202305231506/tools/bin/../lib/gcc/arm-none-eabi/11.3.1/../../../../arm-none-eabi/lib/thumb/v7e-m+fp/hard\libc_nano.a(libc_a-impure.o)
                0x0000000020000018                _impure_data
 .data._impure_ptr
                0x0000000020000064        0x4 C:/ST/STM32CubeIDE_1.13.1/STM32CubeIDE/plugins/com.st.stm32cube.ide.mcu.externaltools.gnu-tools-for-stm32.11.3.rel1.win32_1.1.0.202305231506/tools/bin/../lib/gcc/arm-none-eabi/11.3.1/../../../../arm-none-eabi/lib/thumb/v7e-m+fp/hard\libc_nano.a(libc_a-impure.o)
                0x0000000020000064                _impure_ptr
 *(.RamFunc)
 *(.RamFunc*)
                0x0000000020000068                . = ALIGN (0x4)
                0x0000000020000068                _edata = .

.igot.plt       0x0000000020000068        0x0 load address 0x000000000802bdb8
 .igot.plt      0x0000000020000068        0x0 C:/ST/STM32CubeIDE_1.13.1/STM32CubeIDE/plugins/com.st.stm32cube.ide.mcu.externaltools.gnu-tools-for-stm32.11.3.rel1.win32_1.1.0.202305231506/tools/bin/../lib/gcc/arm-none-eabi/11.3.1/thumb/v7e-m+fp/hard/crtbegin.o
                0x0000000020000068                . = ALIGN (0x4)

.bss            0x0000000020000068     0xc6f8 load address 0x000000000802bdb8
                0x0000000020000068                _sbss = .
                0x0000000020000068                __bss_start__ = _sbss
 *(.bss)
 .bss           0x0000000020000068       0x1c C:/ST/STM32CubeIDE_1.13.1/STM32CubeIDE/plugins/com.st.stm32cube.ide.mcu.externaltools.gnu-tools-for-stm32.11.3.rel1.win32_1.1.0.202305231506/tools/bin/../lib/gcc/arm-none-eabi/11.3.1/thumb/v7e-m+fp/hard/crtbegin.o
 *(.bss*)
 .bss._hadc     0x0000000020000084        0x4 ./BSP/bsp_adc.o
 .bss._hdma     0x0000000020000088        0x4 ./BSP/bsp_adc.o
 .bss.adc_buffer
                0x000000002000008c        0x4 ./BSP/bsp_adc.o
 .bss.adc_length
                0x0000000020000090        0x4 ./BSP/bsp_adc.o
 .bss.bsp_btn_info
                0x0000000020000094       0x10 ./BSP/bsp_btn.o
 .bss.bi2c_data
                0x00000000200000a4        0x4 ./BSP/bsp_i2c.o
 .bss.uart_dfp_data
                0x00000000200000a8       0x18 ./BSP/bsp_uart.o
 .bss.uart_pc_control_data
                0x00000000200000c0       0x18 ./BSP/bsp_uart.o
 .bss.hadc1     0x00000000200000d8       0x48 ./Core/Src/main.o
                0x00000000200000d8                hadc1
 .bss.hdma_adc1
                0x0000000020000120       0x60 ./Core/Src/main.o
                0x0000000020000120                hdma_adc1
 .bss.hi2c1     0x0000000020000180       0x54 ./Core/Src/main.o
                0x0000000020000180                hi2c1
 .bss.htim3     0x00000000200001d4       0x48 ./Core/Src/main.o
                0x00000000200001d4                htim3
 .bss.htim4     0x000000002000021c       0x48 ./Core/Src/main.o
                0x000000002000021c                htim4
 .bss.hdma_tim4_ch1
                0x0000000020000264       0x60 ./Core/Src/main.o
                0x0000000020000264                hdma_tim4_ch1
 .bss.huart2    0x00000000200002c4       0x48 ./Core/Src/main.o
                0x00000000200002c4                huart2
 .bss.huart6    0x000000002000030c       0x48 ./Core/Src/main.o
                0x000000002000030c                huart6
 .bss.hdma_usart2_rx
                0x0000000020000354       0x60 ./Core/Src/main.o
                0x0000000020000354                hdma_usart2_rx
 .bss.hdma_usart6_rx
                0x00000000200003b4       0x60 ./Core/Src/main.o
                0x00000000200003b4                hdma_usart6_rx
 .bss.button_state
                0x0000000020000414        0x1 ./Core/Src/main.o
                0x0000000020000414                button_state
 *fill*         0x0000000020000415        0x3 
 .bss.uart_tx_buffer
                0x0000000020000418       0x19 ./Core/Src/main.o
                0x0000000020000418                uart_tx_buffer
 *fill*         0x0000000020000431        0x3 
 .bss.uart_rx_buffer
                0x0000000020000434       0x19 ./Core/Src/main.o
                0x0000000020000434                uart_rx_buffer
 .bss.FatFsCnt  0x000000002000044d        0x1 ./Core/Src/stm32f4xx_it.o