../Core/Src/main.c:86:5:main	8	static
../Core/Src/main.c:149:6:SystemClock_Config	88	static
../Core/Src/main.c:194:13:MX_ADC1_Init	24	static
../Core/Src/main.c:245:13:MX_I2C1_Init	8	static
../Core/Src/main.c:278:13:MX_TIM3_Init	32	static
../Core/Src/main.c:322:13:MX_TIM4_Init	48	static
../Core/Src/main.c:370:13:MX_USART2_UART_Init	8	static
../Core/Src/main.c:402:13:MX_USART6_UART_Init	8	static
../Core/Src/main.c:432:13:MX_DMA_Init	16	static
../Core/Src/main.c:459:13:MX_GPIO_Init	48	static
../Core/Src/main.c:500:6:Error_Handler	4	static,ignoring_inline_asm
