../System/system_display.c:38:6:sys_display_init	8	static
../System/system_display.c:44:6:sys_display_music_icon	8	static
../System/system_display.c:52:6:sys_display_digital_clock_icon	8	static
../System/system_display.c:59:6:sys_display_set_rtc_icon	16	static
../System/system_display.c:70:6:sys_display_set_alarm_icon	8	static
../System/system_display.c:77:6:sys_display_digital_clock	8	static
../System/system_display.c:82:6:sys_display_set_rtc	8	static
../System/system_display.c:87:6:sys_display_set_alarm	8	static
../System/system_display.c:94:6:sys_display_fft	8	static
../System/system_display.c:103:6:HAL_TIM_PeriodElapsedCallback	16	static
